Component: ARM Compiler 5.06 update 5 (build 528) Tool: armlink [4d35e2]

==============================================================================

Section Cross References

    main.o(i.CarGo) refers to stm32f10x_gpio.o(i.GPIO_SetBits) for GPIO_SetBits
    main.o(i.CarGo) refers to faddsub_clz.o(x$fpl$fsub) for __aeabi_fsub
    main.o(i.CarGo) refers to fmul.o(x$fpl$fmul) for __aeabi_fmul
    main.o(i.CarGo) refers to fflt_clz.o(x$fpl$fflt) for __aeabi_i2f
    main.o(i.CarGo) refers to faddsub_clz.o(x$fpl$fadd) for __aeabi_fadd
    main.o(i.CarGo) refers to ffix.o(x$fpl$ffix) for __aeabi_f2iz
    main.o(i.CarGo) refers to main.o(i.motorOutput) for motorOutput
    main.o(i.CarGo) refers to f2d.o(x$fpl$f2d) for __aeabi_f2d
    main.o(i.CarGo) refers to drleqf.o(x$fpl$drleqf) for __aeabi_cdrcmple
    main.o(i.CarGo) refers to main.o(.data) for BallCarAngle
    main.o(i.Control) refers to ffltll_clz.o(x$fpl$ffltll) for __aeabi_l2f
    main.o(i.Control) refers to fmul.o(x$fpl$fmul) for __aeabi_fmul
    main.o(i.Control) refers to ffixll.o(x$fpl$llsfromf) for __aeabi_f2lz
    main.o(i.Control) refers to main.o(.data) for Football
    main.o(i.Control_wheel) refers to abs.o(.text) for abs
    main.o(i.Control_wheel) refers to ffltll_clz.o(x$fpl$ffltll) for __aeabi_l2f
    main.o(i.Control_wheel) refers to fmul.o(x$fpl$fmul) for __aeabi_fmul
    main.o(i.Control_wheel) refers to faddsub_clz.o(x$fpl$fadd) for __aeabi_fadd
    main.o(i.Control_wheel) refers to ffixll.o(x$fpl$llsfromf) for __aeabi_f2lz
    main.o(i.Control_wheel) refers to main.o(.data) for right_counter_mark
    main.o(i.ESP01_init) refers to stm32f10x_usart.o(i.USART_GetFlagStatus) for USART_GetFlagStatus
    main.o(i.ESP01_init) refers to stm32f10x_usart.o(i.USART_SendData) for USART_SendData
    main.o(i.ESP01_init) refers to stm32f10x_gpio.o(i.GPIO_SetBits) for GPIO_SetBits
    main.o(i.ESP01_init) refers to stm32f10x_usart.o(i.USART_ReceiveData) for USART_ReceiveData
    main.o(i.ESP01_init) refers to stm32f10x_gpio.o(i.GPIO_ReadInputDataBit) for GPIO_ReadInputDataBit
    main.o(i.ESP01_init) refers to strlen.o(.text) for strlen
    main.o(i.ESP01_init) refers to init.o(i.USART_SendString) for USART_SendString
    main.o(i.ESP01_init) refers to stm32f10x_gpio.o(i.GPIO_ResetBits) for GPIO_ResetBits
    main.o(i.ESP01_init) refers to init.o(i.USART2_ITinit) for USART2_ITinit
    main.o(i.ESP01_init) refers to main.o(.constdata) for initESP
    main.o(i.SysTick_Handler) refers to main.o(.data) for sysTick
    main.o(i.TIM2_IRQHandler) refers to stm32f10x_tim.o(i.TIM_GetITStatus) for TIM_GetITStatus
    main.o(i.TIM2_IRQHandler) refers to stm32f10x_tim.o(i.TIM_ClearITPendingBit) for TIM_ClearITPendingBit
    main.o(i.TIM2_IRQHandler) refers to main.o(.data) for current_Right_counter
    main.o(i.TIM4_IRQHandler) refers to stm32f10x_tim.o(i.TIM_GetITStatus) for TIM_GetITStatus
    main.o(i.TIM4_IRQHandler) refers to stm32f10x_tim.o(i.TIM_ClearITPendingBit) for TIM_ClearITPendingBit
    main.o(i.TIM4_IRQHandler) refers to main.o(.data) for current_Left_counter
    main.o(i.USART2_IRQHandler) refers to stm32f10x_usart.o(i.USART_GetITStatus) for USART_GetITStatus
    main.o(i.USART2_IRQHandler) refers to stm32f10x_usart.o(i.USART_ReceiveData) for USART_ReceiveData
    main.o(i.USART2_IRQHandler) refers to main.o(.bss) for temp
    main.o(i.USART2_IRQHandler) refers to main.o(.data) for receive_pointer
    main.o(i.decode) refers to abs.o(.text) for abs
    main.o(i.decode) refers to ffltll_clz.o(x$fpl$ffltll) for __aeabi_l2f
    main.o(i.decode) refers to fdiv.o(x$fpl$fdiv) for __aeabi_fdiv
    main.o(i.decode) refers to f2d.o(x$fpl$f2d) for __aeabi_f2d
    main.o(i.decode) refers to atan.o(i.atan) for atan
    main.o(i.decode) refers to d2f.o(x$fpl$d2f) for __aeabi_d2f
    main.o(i.decode) refers to llsdiv.o(.text) for __aeabi_ldivmod
    main.o(i.decode) refers to main.o(.data) for Football
    main.o(i.delay) refers to stm32f10x_gpio.o(i.GPIO_ReadOutputDataBit) for GPIO_ReadOutputDataBit
    main.o(i.delay) refers to stm32f10x_gpio.o(i.GPIO_WriteBit) for GPIO_WriteBit
    main.o(i.isballCarScan) refers to main.o(i.motorOutput) for motorOutput
    main.o(i.isballCarScan) refers to faddsub_clz.o(x$fpl$fsub) for __aeabi_fsub
    main.o(i.isballCarScan) refers to faddsub_clz.o(x$fpl$fadd) for __aeabi_fadd
    main.o(i.isballCarScan) refers to feqf.o(x$fpl$feqf) for __aeabi_cfcmpeq
    main.o(i.isballCarScan) refers to f2d.o(x$fpl$f2d) for __aeabi_f2d
    main.o(i.isballCarScan) refers to abs.o(.text) for abs
    main.o(i.isballCarScan) refers to fflt_clz.o(x$fpl$fflt) for __aeabi_i2f
    main.o(i.isballCarScan) refers to frleqf.o(x$fpl$frleqf) for __aeabi_cfrcmple
    main.o(i.isballCarScan) refers to dflt_clz.o(x$fpl$dflt) for __aeabi_i2d
    main.o(i.isballCarScan) refers to dleqf.o(x$fpl$dleqf) for __aeabi_cdcmple
[...]
    ../fplib/feqf.s                          0x00000000   Number         0  feqf.o ABSOLUTE
    ../fplib/ffix.s                          0x00000000   Number         0  ffix.o ABSOLUTE
    ../fplib/ffixll.s                        0x00000000   Number         0  ffixll.o ABSOLUTE
    ../fplib/fflt.s                          0x00000000   Number         0  fflt_clz.o ABSOLUTE
    ../fplib/ffltll.s                        0x00000000   Number         0  ffltll_clz.o ABSOLUTE
    ../fplib/fleqf.s                         0x00000000   Number         0  fleqf.o ABSOLUTE
    ../fplib/fmul.s                          0x00000000   Number         0  fmul.o ABSOLUTE
    ../fplib/fnaninf.s                       0x00000000   Number         0  fnaninf.o ABSOLUTE
    ../fplib/fpinit.s                        0x00000000   Number         0  fpinit.o ABSOLUTE
    ../fplib/fretinf.s                       0x00000000   Number         0  fretinf.o ABSOLUTE
    ../fplib/frleqf.s                        0x00000000   Number         0  frleqf.o ABSOLUTE
    ../fplib/retnan.s                        0x00000000   Number         0  retnan.o ABSOLUTE
    ../fplib/scalbn.s                        0x00000000   Number         0  scalbn.o ABSOLUTE
    ../fplib/trapv.s                         0x00000000   Number         0  trapv.o ABSOLUTE
    ../fplib/usenofp.s                       0x00000000   Number         0  usenofp.o ABSOLUTE
    ../mathlib/atan.c                        0x00000000   Number         0  atan_x.o ABSOLUTE
    ../mathlib/atan.c                        0x00000000   Number         0  atan.o ABSOLUTE
    ../mathlib/dunder.c                      0x00000000   Number         0  dunder.o ABSOLUTE
    ../mathlib/fpclassify.c                  0x00000000   Number         0  fpclassify.o ABSOLUTE
    ../mathlib/poly.c                        0x00000000   Number         0  poly.o ABSOLUTE
    C:\Keil_v5\ARM\PACK\Keil\STM32F1xx_DFP\2.2.0\Device\StdPeriph_Driver\src\misc.c 0x00000000   Number         0  misc.o ABSOLUTE
    C:\Keil_v5\ARM\PACK\Keil\STM32F1xx_DFP\2.2.0\Device\StdPeriph_Driver\src\stm32f10x_dma.c 0x00000000   Number         0  stm32f10x_dma.o ABSOLUTE
    C:\Keil_v5\ARM\PACK\Keil\STM32F1xx_DFP\2.2.0\Device\StdPeriph_Driver\src\stm32f10x_exti.c 0x00000000   Number         0  stm32f10x_exti.o ABSOLUTE
    C:\Keil_v5\ARM\PACK\Keil\STM32F1xx_DFP\2.2.0\Device\StdPeriph_Driver\src\stm32f10x_gpio.c 0x00000000   Number         0  stm32f10x_gpio.o ABSOLUTE
    C:\Keil_v5\ARM\PACK\Keil\STM32F1xx_DFP\2.2.0\Device\StdPeriph_Driver\src\stm32f10x_rcc.c 0x00000000   Number         0  stm32f10x_rcc.o ABSOLUTE
    C:\Keil_v5\ARM\PACK\Keil\STM32F1xx_DFP\2.2.0\Device\StdPeriph_Driver\src\stm32f10x_spi.c 0x00000000   Number         0  stm32f10x_spi.o ABSOLUTE
    C:\Keil_v5\ARM\PACK\Keil\STM32F1xx_DFP\2.2.0\Device\StdPeriph_Driver\src\stm32f10x_tim.c 0x00000000   Number         0  stm32f10x_tim.o ABSOLUTE
    C:\Keil_v5\ARM\PACK\Keil\STM32F1xx_DFP\2.2.0\Device\StdPeriph_Driver\src\stm32f10x_usart.c 0x00000000   Number         0  stm32f10x_usart.o ABSOLUTE
    C:\Keil_v5\ARM\PACK\Keil\STM32F1xx_DFP\2.2.0\RTE_Driver\DMA_STM32F10x.c 0x00000000   Number         0  dma_stm32f10x.o ABSOLUTE
    C:\Keil_v5\ARM\PACK\Keil\STM32F1xx_DFP\2.2.0\RTE_Driver\GPIO_STM32F10x.c 0x00000000   Number         0  gpio_stm32f10x.o ABSOLUTE
    C:\\Keil_v5\\ARM\\PACK\\Keil\\STM32F1xx_DFP\\2.2.0\\Device\\StdPeriph_Driver\\src\\misc.c 0x00000000   Number         0  misc.o ABSOLUTE
    C:\\Keil_v5\\ARM\\PACK\\Keil\\STM32F1xx_DFP\\2.2.0\\Device\\StdPeriph_Driver\\src\\stm32f10x_dma.c 0x00000000   Number         0  stm32f10x_dma.o ABSOLUTE
    C:\\Keil_v5\\ARM\\PACK\\Keil\\STM32F1xx_DFP\\2.2.0\\Device\\StdPeriph_Driver\\src\\stm32f10x_exti.c 0x00000000   Number         0  stm32f10x_exti.o ABSOLUTE
    C:\\Keil_v5\\ARM\\PACK\\Keil\\STM32F1xx_DFP\\2.2.0\\Device\\StdPeriph_Driver\\src\\stm32f10x_gpio.c 0x00000000   Number         0  stm32f10x_gpio.o ABSOLUTE
    C:\\Keil_v5\\ARM\\PACK\\Keil\\STM32F1xx_DFP\\2.2.0\\Device\\StdPeriph_Driver\\src\\stm32f10x_rcc.c 0x00000000   Number         0  stm32f10x_rcc.o ABSOLUTE
    C:\\Keil_v5\\ARM\\PACK\\Keil\\STM32F1xx_DFP\\2.2.0\\Device\\StdPeriph_Driver\\src\\stm32f10x_spi.c 0x00000000   Number         0  stm32f10x_spi.o ABSOLUTE
    C:\\Keil_v5\\ARM\\PACK\\Keil\\STM32F1xx_DFP\\2.2.0\\Device\\StdPeriph_Driver\\src\\stm32f10x_tim.c 0x00000000   Number         0  stm32f10x_tim.o ABSOLUTE
    C:\\Keil_v5\\ARM\\PACK\\Keil\\STM32F1xx_DFP\\2.2.0\\Device\\StdPeriph_Driver\\src\\stm32f10x_usart.c 0x00000000   Number         0  stm32f10x_usart.o ABSOLUTE
    C:\\Keil_v5\\ARM\\PACK\\Keil\\STM32F1xx_DFP\\2.2.0\\RTE_Driver\\DMA_STM32F10x.c 0x00000000   Number         0  dma_stm32f10x.o ABSOLUTE
    C:\\Keil_v5\\ARM\\PACK\\Keil\\STM32F1xx_DFP\\2.2.0\\RTE_Driver\\GPIO_STM32F10x.c 0x00000000   Number         0  gpio_stm32f10x.o ABSOLUTE
    RTE\Device\STM32F103C8\startup_stm32f10x_md.s 0x00000000   Number         0  startup_stm32f10x_md.o ABSOLUTE
    RTE\Device\STM32F103C8\system_stm32f10x.c 0x00000000   Number         0  system_stm32f10x.o ABSOLUTE
    RTE\\Device\\STM32F103C8\\system_stm32f10x.c 0x00000000   Number         0  system_stm32f10x.o ABSOLUTE
    dc.s                                     0x00000000   Number         0  dc.o ABSOLUTE
    init.c                                   0x00000000   Number         0  init.o ABSOLUTE
    init.c                                   0x00000000   Number         0  init.o ABSOLUTE
    main.c                                   0x00000000   Number         0  main.o ABSOLUTE
    main.c                                   0x00000000   Number         0  main.o ABSOLUTE
    RESET                                    0x08000000   Section      236  startup_stm32f10x_md.o(RESET)
    !!!main                                  0x080000ec   Section        8  __main.o(!!!main)
    !!!scatter                               0x080000f4   Section       52  __scatter.o(!!!scatter)
    !!dczerorl2                              0x08000128   Section       90  __dczerorl2.o(!!dczerorl2)
    !!handler_zi                             0x08000184   Section       28  __scatter_zi.o(!!handler_zi)
    .ARM.Collect$$_printf_percent$$00000000  0x080001a0   Section        0  _printf_percent.o(.ARM.Collect$$_printf_percent$$00000000)
    .ARM.Collect$$_printf_percent$$0000000A  0x080001a0   Section        6  _printf_u.o(.ARM.Collect$$_printf_percent$$0000000A)
    .ARM.Collect$$_printf_percent$$00000017  0x080001a6   Section        4  _printf_percent_end.o(.ARM.Collect$$_printf_percent$$00000017)
    .ARM.Collect$$libinit$$00000000          0x080001aa   Section        2  libinit.o(.ARM.Collect$$libinit$$00000000)
    .ARM.Collect$$libinit$$00000002          0x080001ac   Section        0  libinit2.o(.ARM.Collect$$libinit$$00000002)
    .ARM.Collect$$libinit$$00000004          0x080001ac   Section        0  libinit2.o(.ARM.Collect$$libinit$$00000004)
    .ARM.Collect$$libinit$$0000000A          0x080001ac   Section        0  libinit2.o(.ARM.Collect$$libinit$$0000000A)
    .ARM.Collect$$libinit$$0000000C          0x080001ac   Section        0  libinit2.o(.ARM.Collect$$libinit$$0000000C)
    .ARM.Collect$$libinit$$0000000E          0x080001ac   Section        0  libinit2.o(.ARM.Collect$$libinit$$0000000E)
    .ARM.Collect$$libinit$$00000011          0x080001ac   Section        0  libinit2.o(.ARM.Collect$$libinit$$00000011)
    .ARM.Collect$$libinit$$00000013          0x080001ac   Section        0  libinit2.o(.ARM.Collect$$libinit$$00000013)
    .ARM.Collect$$libinit$$00000015          0x080001ac   Section        0  libinit2.o(.ARM.Collect$$libinit$$00000015)
    .ARM.Collect$$libinit$$00000017          0x080001ac   Section        0  libinit2.o(.ARM.Collect$$libinit$$00000017)
    .ARM.Collect$$libinit$$00000019          0x080001ac   Section        0  libinit2.o(.ARM.Collect$$libinit$$00000019)
    .ARM.Collect$$libinit$$0000001B          0x080001ac   Section        0  libinit2.o(.ARM.Collect$$libinit$$0000001B)
    .ARM.Collect$$libinit$$0000001D          0x080001ac   Section        0  libinit2.o(.ARM.Collect$$libinit$$0000001D)
    .ARM.Collect$$libinit$$0000001F          0x080001ac   Section        0  libinit2.o(.ARM.Collect$$libinit$$0000001F)
    .ARM.Collect$$libinit$$00000021          0x080001ac   Section        0  libinit2.o(.ARM.Collect$$libinit$$00000021)
    .ARM.Collect$$libinit$$00000023          0x080001ac   Section        0  libinit2.o(.ARM.Collect$$libinit$$00000023)
    .ARM.Collect$$libinit$$00000025          0x080001ac   Section        0  libinit2.o(.ARM.Collect$$libinit$$00000025)
    .ARM.Collect$$libinit$$0000002C          0x080001ac   Section        0  libinit2.o(.ARM.Collect$$libinit$$0000002C)
    .ARM.Collect$$libinit$$0000002E          0x080001ac   Section        0  libinit2.o(.ARM.Collect$$libinit$$0000002E)
    .ARM.Collect$$libinit$$00000030          0x080001ac   Section        0  libinit2.o(.ARM.Collect$$libinit$$00000030)
    .ARM.Collect$$libinit$$00000032          0x080001ac   Section        0  libinit2.o(.ARM.Collect$$libinit$$00000032)
    .ARM.Collect$$libinit$$00000033          0x080001ac   Section        2  libinit2.o(.ARM.Collect$$libinit$$00000033)
    .ARM.Collect$$libshutdown$$00000000      0x080001ae   Section        2  libshutdown.o(.ARM.Collect$$libshutdown$$00000000)
    .ARM.Collect$$libshutdown$$00000002      0x080001b0   Section        0  libshutdown2.o(.ARM.Collect$$libshutdown$$00000002)
    .ARM.Collect$$libshutdown$$00000004      0x080001b0   Section        0  libshutdown2.o(.ARM.Collect$$libshutdown$$00000004)
    .ARM.Collect$$libshutdown$$00000007      0x080001b0   Section        0  libshutdown2.o(.ARM.Collect$$libshutdown$$00000007)
    .ARM.Collect$$libshutdown$$0000000A      0x080001b0   Section        0  libshutdown2.o(.ARM.Collect$$libshutdown$$0000000A)
    .ARM.Collect$$libshutdown$$0000000C      0x080001b0   Section        0  libshutdown2.o(.ARM.Collect$$libshutdown$$0000000C)
    .ARM.Collect$$libshutdown$$0000000F      0x080001b0   Section        0  libshutdown2.o(.ARM.Collect$$libshutdown$$0000000F)
    .ARM.Collect$$libshutdown$$00000010      0x080001b0   Section        2  libshutdown2.o(.ARM.Collect$$libshutdown$$00000010)
    .ARM.Collect$$rtentry$$00000000          0x080001b2   Section        0  __rtentry.o(.ARM.Collect$$rtentry$$00000000)
    .ARM.Collect$$rtentry$$00000002          0x080001b2   Section        0  __rtentry2.o(.ARM.Collect$$rtentry$$00000002)
    .ARM.Collect$$rtentry$$00000004          0x080001b2   Section        6  __rtentry4.o(.ARM.Collect$$rtentry$$00000004)
    .ARM.Collect$$rtentry$$00000009          0x080001b8   Section        0  __rtentry2.o(.ARM.Collect$$rtentry$$00000009)
    .ARM.Collect$$rtentry$$0000000A          0x080001b8   Section        4  __rtentry2.o(.ARM.Collect$$rtentry$$0000000A)
    .ARM.Collect$$rtentry$$0000000C          0x080001bc   Section        0  __rtentry2.o(.ARM.Collect$$rtentry$$0000000C)
    .ARM.Collect$$rtentry$$0000000D          0x080001bc   Section        8  __rtentry2.o(.ARM.Collect$$rtentry$$0000000D)
    .ARM.Collect$$rtexit$$00000000           0x080001c4   Section        2  rtexit.o(.ARM.Collect$$rtexit$$00000000)
    .ARM.Collect$$rtexit$$00000002           0x080001c6   Section        0  rtexit2.o(.ARM.Collect$$rtexit$$00000002)
    .ARM.Collect$$rtexit$$00000003           0x080001c6   Section        4  rtexit2.o(.ARM.Collect$$rtexit$$00000003)
    .ARM.Collect$$rtexit$$00000004           0x080001ca   Section        6  rtexit2.o(.ARM.Collect$$rtexit$$00000004)
    .text                                    0x080001d0   Section       64  startup_stm32f10x_md.o(.text)
    .text                                    0x08000210   Section      238  lludivv7m.o(.text)
    .text                                    0x080002fe   Section       72  llsdiv.o(.text)
    .text                                    0x08000348   Section        0  noretval__2sprintf.o(.text)
    .text                                    0x08000370   Section        0  __printf.o(.text)
    .text                                    0x080003d8   Section        0  _printf_dec.o(.text)
    .text                                    0x08000450   Section        0  abs.o(.text)
    .text                                    0x08000458   Section        0  strlen.o(.text)
    .text                                    0x08000496   Section        0  heapauxi.o(.text)
    .text                                    0x0800049c   Section        0  _printf_intcommon.o(.text)
    .text                                    0x08000550   Section        0  _printf_char_common.o(.text)
    _printf_input_char                       0x08000551   Thumb Code    10  _printf_char_common.o(.text)
    .text                                    0x08000580   Section        0  _sputc.o(.text)
    .text                                    0x0800058a   Section       74  sys_stackheap_outer.o(.text)
    .text                                    0x080005d4   Section        0  exit.o(.text)
    .text                                    0x080005e8   Section        8  libspace.o(.text)
    .text                                    0x080005f0   Section        0  sys_exit.o(.text)
    .text                                    0x080005fc   Section        2  use_no_semi.o(.text)
    .text                                    0x080005fe   Section        0  indicate_semi.o(.text)
    i.CarGo                                  0x08000600   Section        0  main.o(i.CarGo)
    i.DMA1_Channel1_Event                    0x080006f8   Section        0  dma_stm32f10x.o(i.DMA1_Channel1_Event)
    i.DMA1_Channel1_IRQHandler               0x080006fc   Section        0  dma_stm32f10x.o(i.DMA1_Channel1_IRQHandler)
    i.DMA1_Channel2_Event                    0x08000718   Section        0  dma_stm32f10x.o(i.DMA1_Channel2_Event)
    i.DMA1_Channel2_IRQHandler               0x0800071c   Section        0  dma_stm32f10x.o(i.DMA1_Channel2_IRQHandler)
    i.DMA1_Channel3_Event                    0x08000738   Section        0  dma_stm32f10x.o(i.DMA1_Channel3_Event)
    i.DMA1_Channel3_IRQHandler               0x0800073c   Section        0  dma_stm32f10x.o(i.DMA1_Channel3_IRQHandler)
    i.DMA1_Channel4_Event                    0x08000758   Section        0  dma_stm32f10x.o(i.DMA1_Channel4_Event)
    i.DMA1_Channel4_IRQHandler               0x0800075c   Section        0  dma_stm32f10x.o(i.DMA1_Channel4_IRQHandler)
    i.DMA1_Channel5_Event                    0x08000778   Section        0  dma_stm32f10x.o(i.DMA1_Channel5_Event)
    i.DMA1_Channel5_IRQHandler               0x0800077c   Section        0  dma_stm32f10x.o(i.DMA1_Channel5_IRQHandler)
    i.DMA1_Channel6_Event                    0x08000798   Section        0  dma_stm32f10x.o(i.DMA1_Channel6_Event)
    i.DMA1_Channel6_IRQHandler               0x0800079c   Section        0  dma_stm32f10x.o(i.DMA1_Channel6_IRQHandler)
    i.DMA1_Channel7_Event                    0x080007b8   Section        0  dma_stm32f10x.o(i.DMA1_Channel7_Event)
    i.DMA1_Channel7_IRQHandler               0x080007bc   Section        0  dma_stm32f10x.o(i.DMA1_Channel7_IRQHandler)
    i.ESP01_init                             0x080007d8   Section        0  main.o(i.ESP01_init)
    i.GPIO_Init                              0x0800089c   Section        0  stm32f10x_gpio.o(i.GPIO_Init)
    i.GPIO_ReadInputDataBit                  0x080009b2   Section        0  stm32f10x_gpio.o(i.GPIO_ReadInputDataBit)
    i.GPIO_ReadOutputDataBit                 0x080009c4   Section        0  stm32f10x_gpio.o(i.GPIO_ReadOutputDataBit)
    i.GPIO_ResetBits                         0x080009d6   Section        0  stm32f10x_gpio.o(i.GPIO_ResetBits)
    i.GPIO_SetBits                           0x080009da   Section        0  stm32f10x_gpio.o(i.GPIO_SetBits)
    i.GPIO_WriteBit                          0x080009de   Section        0  stm32f10x_gpio.o(i.GPIO_WriteBit)
    i.GPIO_init                              0x080009e8   Section        0  init.o(i.GPIO_init)
    i.NVIC_Init                              0x08000a38   Section        0  misc.o(i.NVIC_Init)
    i.RCC_APB1PeriphClockCmd                 0x08000aa8   Section        0  stm32f10x_rcc.o(i.RCC_APB1PeriphClockCmd)
    i.RCC_APB2PeriphClockCmd                 0x08000ac8   Section        0  stm32f10x_rcc.o(i.RCC_APB2PeriphClockCmd)
    i.RCC_GetClocksFreq                      0x08000ae8   Section        0  stm32f10x_rcc.o(i.RCC_GetClocksFreq)
    i.SPI2_init                              0x08000bbc   Section        0  init.o(i.SPI2_init)
    i.SPI_Cmd                                0x08000c8c   Section        0  stm32f10x_spi.o(i.SPI_Cmd)
    i.SPI_Init                               0x08000ca4   Section        0  stm32f10x_spi.o(i.SPI_Init)
    i.SetSysClock                            0x08000ce0   Section        0  system_stm32f10x.o(i.SetSysClock)
    SetSysClock                              0x08000ce1   Thumb Code     8  system_stm32f10x.o(i.SetSysClock)
    i.SetSysClockTo72                        0x08000ce8   Section        0  system_stm32f10x.o(i.SetSysClockTo72)
    SetSysClockTo72                          0x08000ce9   Thumb Code   214  system_stm32f10x.o(i.SetSysClockTo72)
    i.SysTick_Handler                        0x08000dc8   Section        0  main.o(i.SysTick_Handler)
    i.SysTick_init                           0x08000de0   Section        0  init.o(i.SysTick_init)
    i.SystemCoreClockUpdate                  0x08000e44   Section        0  system_stm32f10x.o(i.SystemCoreClockUpdate)
    i.SystemInit                             0x08000ee8   Section        0  system_stm32f10x.o(i.SystemInit)
    i.TI1_Config                             0x08000f48   Section        0  stm32f10x_tim.o(i.TI1_Config)
    TI1_Config                               0x08000f49   Thumb Code   108  stm32f10x_tim.o(i.TI1_Config)
    i.TI2_Config                             0x08000fc8   Section        0  stm32f10x_tim.o(i.TI2_Config)
    TI2_Config                               0x08000fc9   Thumb Code   130  stm32f10x_tim.o(i.TI2_Config)
    i.TIM2_IRQHandler                        0x08001060   Section        0  main.o(i.TIM2_IRQHandler)
    i.TIM4_IRQHandler                        0x08001094   Section        0  main.o(i.TIM4_IRQHandler)
    i.TIM_ClearITPendingBit                  0x080010cc   Section        0  stm32f10x_tim.o(i.TIM_ClearITPendingBit)
    i.TIM_Cmd                                0x080010d2   Section        0  stm32f10x_tim.o(i.TIM_Cmd)
    i.TIM_GetITStatus                        0x080010ea   Section        0  stm32f10x_tim.o(i.TIM_GetITStatus)
    i.TIM_ITConfig                           0x0800110c   Section        0  stm32f10x_tim.o(i.TIM_ITConfig)
    i.TIM_OC1Init                            0x08001120   Section        0  stm32f10x_tim.o(i.TIM_OC1Init)
    i.TIM_OC1PreloadConfig                   0x080011b8   Section        0  stm32f10x_tim.o(i.TIM_OC1PreloadConfig)
    i.TIM_OC2Init                            0x080011cc   Section        0  stm32f10x_tim.o(i.TIM_OC2Init)
    i.TIM_OC2PreloadConfig                   0x08001270   Section        0  stm32f10x_tim.o(i.TIM_OC2PreloadConfig)
    i.TIM_SelectInputTrigger                 0x0800128a   Section        0  stm32f10x_tim.o(i.TIM_SelectInputTrigger)
    i.TIM_SetCompare1                        0x0800129c   Section        0  stm32f10x_tim.o(i.TIM_SetCompare1)
    i.TIM_SetCompare2                        0x080012a0   Section        0  stm32f10x_tim.o(i.TIM_SetCompare2)
    i.TIM_TIxExternalClockConfig             0x080012a4   Section        0  stm32f10x_tim.o(i.TIM_TIxExternalClockConfig)
    i.TIM_TimeBaseInit                       0x080012e4   Section        0  stm32f10x_tim.o(i.TIM_TimeBaseInit)
    i.USART2_IRQHandler                      0x08001388   Section        0  main.o(i.USART2_IRQHandler)
    i.USART2_ITinit                          0x080013f4   Section        0  init.o(i.USART2_ITinit)
    i.USART2_init                            0x08001424   Section        0  init.o(i.USART2_init)
    i.USART3_init                            0x080014a0   Section        0  init.o(i.USART3_init)
    i.USART_Cmd                              0x08001520   Section        0  stm32f10x_usart.o(i.USART_Cmd)
    i.USART_GetFlagStatus                    0x08001538   Section        0  stm32f10x_usart.o(i.USART_GetFlagStatus)
    i.USART_GetITStatus                      0x08001552   Section        0  stm32f10x_usart.o(i.USART_GetITStatus)
    i.USART_ITConfig                         0x080015a6   Section        0  stm32f10x_usart.o(i.USART_ITConfig)
    i.USART_Init                             0x080015f0   Section        0  stm32f10x_usart.o(i.USART_Init)
    i.USART_ReceiveData                      0x080016c8   Section        0  stm32f10x_usart.o(i.USART_ReceiveData)
    i.USART_SendData                         0x080016d2   Section        0  stm32f10x_usart.o(i.USART_SendData)
    i.USART_SendString                       0x080016da   Section        0  init.o(i.USART_SendString)
    i.Wheel_Counter_init                     0x08001708   Section        0  init.o(i.Wheel_Counter_init)
    i.Wheel_PWM_init                         0x080017dc   Section        0  init.o(i.Wheel_PWM_init)
    i.__ARM_fpclassify                       0x0800190c   Section        0  fpclassify.o(i.__ARM_fpclassify)
    i.__kernel_poly                          0x08001934   Section        0  poly.o(i.__kernel_poly)
    i.__mathlib_dbl_infnan                   0x080019de   Section        0  dunder.o(i.__mathlib_dbl_infnan)
    i.__mathlib_dbl_underflow                0x080019e4   Section        0  dunder.o(i.__mathlib_dbl_underflow)
    i.atan                                   0x080019f4   Section        0  atan.o(i.atan)
    i.decode                                 0x08001c14   Section        0  main.o(i.decode)
    i.delay                                  0x08001fb8   Section        0  main.o(i.delay)
    i.isballCarScan                          0x08002004   Section        0  main.o(i.isballCarScan)
    i.main                                   0x080020ec   Section        0  main.o(i.main)
    i.motorInit                              0x08002388   Section        0  init.o(i.motorInit)
    i.motorOutput                            0x080023b4   Section        0  main.o(i.motorOutput)
    x$fpl$d2f                                0x08002470   Section       98  d2f.o(x$fpl$d2f)
    x$fpl$dadd                               0x080024d4   Section      336  daddsub_clz.o(x$fpl$dadd)
    _dadd1                                   0x080024e5   Thumb Code     0  daddsub_clz.o(x$fpl$dadd)
    x$fpl$dcheck1                            0x08002624   Section       16  dcheck1.o(x$fpl$dcheck1)
    x$fpl$dcmpinf                            0x08002634   Section       24  dcmpi.o(x$fpl$dcmpinf)
    x$fpl$ddiv                               0x0800264c   Section      688  ddiv.o(x$fpl$ddiv)
    ddiv_entry                               0x08002653   Thumb Code     0  ddiv.o(x$fpl$ddiv)
    x$fpl$dflt                               0x080028fc   Section       46  dflt_clz.o(x$fpl$dflt)
    x$fpl$dleqf                              0x0800292c   Section      120  dleqf.o(x$fpl$dleqf)
    x$fpl$dmul                               0x080029a4   Section      340  dmul.o(x$fpl$dmul)
    x$fpl$dnaninf                            0x08002af8   Section      156  dnaninf.o(x$fpl$dnaninf)
    x$fpl$dretinf                            0x08002b94   Section       12  dretinf.o(x$fpl$dretinf)
    x$fpl$drleqf                             0x08002ba0   Section      108  drleqf.o(x$fpl$drleqf)
    x$fpl$drsb                               0x08002c0c   Section       22  daddsub_clz.o(x$fpl$drsb)
    x$fpl$dsub                               0x08002c24   Section      468  daddsub_clz.o(x$fpl$dsub)
    _dsub1                                   0x08002c35   Thumb Code     0  daddsub_clz.o(x$fpl$dsub)
    x$fpl$f2d                                0x08002df8   Section       86  f2d.o(x$fpl$f2d)
    x$fpl$fadd                               0x08002e50   Section      196  faddsub_clz.o(x$fpl$fadd)
    _fadd1                                   0x08002e5f   Thumb Code     0  faddsub_clz.o(x$fpl$fadd)
    x$fpl$fcmpinf                            0x08002f14   Section       24  fcmpi.o(x$fpl$fcmpinf)
    x$fpl$fdiv                               0x08002f2c   Section      388  fdiv.o(x$fpl$fdiv)
    _fdiv1                                   0x08002f2d   Thumb Code     0  fdiv.o(x$fpl$fdiv)
    x$fpl$feqf                               0x080030b0   Section      104  feqf.o(x$fpl$feqf)
    x$fpl$ffix                               0x08003118   Section       54  ffix.o(x$fpl$ffix)
    x$fpl$fflt                               0x08003150   Section       48  fflt_clz.o(x$fpl$fflt)
    x$fpl$ffltll                             0x08003180   Section       96  ffltll_clz.o(x$fpl$ffltll)
    x$fpl$fleqf                              0x080031e0   Section      104  fleqf.o(x$fpl$fleqf)
    x$fpl$fmul                               0x08003248   Section      258  fmul.o(x$fpl$fmul)
    x$fpl$fnaninf                            0x0800334a   Section      140  fnaninf.o(x$fpl$fnaninf)
    x$fpl$fretinf                            0x080033d6   Section       10  fretinf.o(x$fpl$fretinf)
    x$fpl$frleqf                             0x080033e0   Section       98  frleqf.o(x$fpl$frleqf)
    x$fpl$fsub                               0x08003444   Section      234  faddsub_clz.o(x$fpl$fsub)
    _fsub1                                   0x08003453   Thumb Code     0  faddsub_clz.o(x$fpl$fsub)
    x$fpl$retnan                             0x0800352e   Section      100  retnan.o(x$fpl$retnan)
    x$fpl$scalbn                             0x08003592   Section       92  scalbn.o(x$fpl$scalbn)
    x$fpl$trapveneer                         0x080035ee   Section       48  trapv.o(x$fpl$trapveneer)
    .constdata                               0x0800361e   Section       38  main.o(.constdata)
    x$fpl$usenofp                            0x0800361e   Section        0  usenofp.o(x$fpl$usenofp)
    .constdata                               0x08003648   Section      152  atan.o(.constdata)
    atanhi                                   0x08003648   Data          32  atan.o(.constdata)
    atanlo                                   0x08003668   Data          32  atan.o(.constdata)
    aTodd                                    0x08003688   Data          40  atan.o(.constdata)
    aTeven                                   0x080036b0   Data          48  atan.o(.constdata)
    .data                                    0x20000000   Section      404  main.o(.data)
    usart_stage                              0x20000111   Data           1  main.o(.data)
    initB                                    0x20000112   Data           1  main.o(.data)
    initCF                                   0x20000113   Data           1  main.o(.data)
    initCB                                   0x20000114   Data           1  main.o(.data)
    initAng                                  0x20000115   Data           1  main.o(.data)
    flagflag                                 0x20000116   Data           1  main.o(.data)
    input_angle_counter                      0x20000117   Data           1  main.o(.data)
    input_angle_temp                         0x20000118   Data           4  main.o(.data)
    initpos1                                 0x2000011c   Data           1  main.o(.data)
    initpos2                                 0x2000011d   Data           1  main.o(.data)
    Kp_Y                                     0x20000120   Data           4  main.o(.data)
    Kp_X                                     0x20000124   Data           4  main.o(.data)
    LFlagtimerMark                           0x20000128   Data           8  main.o(.data)
    RFlagtimerMark                           0x20000130   Data           8  main.o(.data)
    isLMotorReady                            0x20000138   Data           1  main.o(.data)
    isRMotorReady                            0x20000139   Data           1  main.o(.data)
    current_errorTime                        0x20000140   Data           8  main.o(.data)
    previous_errorTime                       0x20000148   Data           8  main.o(.data)
    derivative_errorTime                     0x20000150   Data           8  main.o(.data)
    integral_errorTime                       0x20000158   Data           8  main.o(.data)
    steady_current_error                     0x20000160   Data           8  main.o(.data)
    steady_previous_error                    0x20000168   Data           8  main.o(.data)
    steady_derivative                        0x20000170   Data           8  main.o(.data)
    L_SpeedAdj                               0x20000178   Data           8  main.o(.data)
    R_SpeedAdj                               0x20000180   Data           8  main.o(.data)
    LfirstFlag                               0x20000188   Data           1  main.o(.data)
    RfirstFlag                               0x20000189   Data           1  main.o(.data)
    RSpeed                                   0x2000018c   Data           4  main.o(.data)
    LSpeed                                   0x20000190   Data           4  main.o(.data)
    .data                                    0x20000194   Section       20  stm32f10x_rcc.o(.data)
    APBAHBPrescTable                         0x20000194   Data          16  stm32f10x_rcc.o(.data)
    ADCPrescTable                            0x200001a4   Data           4  stm32f10x_rcc.o(.data)
    .data                                    0x200001a8   Section       20  system_stm32f10x.o(.data)
    .bss                                     0x200001bc   Section      188  main.o(.bss)
    temp                                     0x20000220   Data          50  main.o(.bss)
    rotation                                 0x20000254   Data          36  main.o(.bss)
    .bss                                     0x20000278   Section       96  libspace.o(.bss)
    HEAP                                     0x200002d8   Section      512  startup_stm32f10x_md.o(HEAP)
    Heap_Mem                                 0x200002d8   Data         512  startup_stm32f10x_md.o(HEAP)
    STACK                                    0x200004d8   Section     1024  startup_stm32f10x_md.o(STACK)
    Stack_Mem                                0x200004d8   Data        1024  startup_stm32f10x_md.o(STACK)
    __initial_sp                             0x200008d8   Data           0  startup_stm32f10x_md.o(STACK)

    Global Symbols

    Symbol Name                              Value     Ov Type        Size  Object(Section)

    BuildAttributes$$THM_ISAv4$P$D$K$B$S$PE$A:L22UL41UL21$X:L11$S22US41US21$IEEE1$IW$USESV6$~STKCKD$USESV7$~SHL$OTIME$ROPI$IEEEX$EBA8$UX$STANDARDLIB$REQ8$PRES8$EABIv2 0x00000000   Number         0  anon$$obj.o ABSOLUTE
    __ARM_use_no_argv                        0x00000000   Number         0  main.o ABSOLUTE
    __ARM_exceptions_init                     - Undefined Weak Reference
    __alloca_initialize                       - Undefined Weak Reference
    __arm_preinit_                            - Undefined Weak Reference
    __cpp_initialize__aeabi_                  - Undefined Weak Reference
    __cxa_finalize                            - Undefined Weak Reference
    __rt_locale                               - Undefined Weak Reference
    __sigvec_lookup                           - Undefined Weak Reference
    _atexit_init                              - Undefined Weak Reference
    _call_atexit_fns                          - Undefined Weak Reference
    _clock_init                               - Undefined Weak Reference
    _fp_trap_init                             - Undefined Weak Reference
    _fp_trap_shutdown                         - Undefined Weak Reference
    _get_lc_collate                           - Undefined Weak Reference
    _get_lc_ctype                             - Undefined Weak Reference
    _get_lc_monetary                          - Undefined Weak Reference
    _get_lc_numeric                           - Undefined Weak Reference
    _get_lc_time                              - Undefined Weak Reference
    _getenv_init                              - Undefined Weak Reference
    _handle_redirection                       - Undefined Weak Reference
    _init_alloc                               - Undefined Weak Reference
    _init_user_alloc                          - Undefined Weak Reference
    _initio                                   - Undefined Weak Reference
    _printf_post_padding                      - Undefined Weak Reference
    _printf_pre_padding                       - Undefined Weak Reference
    _printf_truncate_signed                   - Undefined Weak Reference
    _printf_truncate_unsigned                 - Undefined Weak Reference
    _rand_init                                - Undefined Weak Reference
    _signal_finish                            - Undefined Weak Reference
    _signal_init                              - Undefined Weak Reference
    _terminate_alloc                          - Undefined Weak Reference
    _terminate_user_alloc                     - Undefined Weak Reference
    _terminateio                              - Undefined Weak Reference
    __Vectors_Size                           0x000000ec   Number         0  startup_stm32f10x_md.o ABSOLUTE
    __Vectors                                0x08000000   Data           4  startup_stm32f10x_md.o(RESET)
    __Vectors_End                            0x080000ec   Data           0  startup_stm32f10x_md.o(RESET)
    __main                                   0x080000ed   Thumb Code     8  __main.o(!!!main)
    __scatterload                            0x080000f5   Thumb Code     0  __scatter.o(!!!scatter)
    __scatterload_rt2                        0x080000f5   Thumb Code    44  __scatter.o(!!!scatter)
    __scatterload_rt2_thumb_only             0x080000f5   Thumb Code     0  __scatter.o(!!!scatter)
    __scatterload_null                       0x08000103   Thumb Code     0  __scatter.o(!!!scatter)
    __decompress                             0x08000129   Thumb Code    90  __dczerorl2.o(!!dczerorl2)
    __decompress1                            0x08000129   Thumb Code     0  __dczerorl2.o(!!dczerorl2)
    __scatterload_zeroinit                   0x08000185   Thumb Code    28  __scatter_zi.o(!!handler_zi)
    _printf_percent                          0x080001a1   Thumb Code     0  _printf_percent.o(.ARM.Collect$$_printf_percent$$00000000)
    _printf_u                                0x080001a1   Thumb Code     0  _printf_u.o(.ARM.Collect$$_printf_percent$$0000000A)
    _printf_percent_end                      0x080001a7   Thumb Code     0  _printf_percent_end.o(.ARM.Collect$$_printf_percent$$00000017)
    __rt_lib_init                            0x080001ab   Thumb Code     0  libinit.o(.ARM.Collect$$libinit$$00000000)
    __rt_lib_init_alloca_1                   0x080001ad   Thumb Code     0  libinit2.o(.ARM.Collect$$libinit$$0000002E)
    __rt_lib_init_argv_1                     0x080001ad   Thumb Code     0  libinit2.o(.ARM.Collect$$libinit$$0000002C)
    __rt_lib_init_atexit_1                   0x080001ad   Thumb Code     0  libinit2.o(.ARM.Collect$$libinit$$0000001B)
    __rt_lib_init_clock_1                    0x080001ad   Thumb Code     0  libinit2.o(.ARM.Collect$$libinit$$00000021)
    __rt_lib_init_cpp_1                      0x080001ad   Thumb Code     0  libinit2.o(.ARM.Collect$$libinit$$00000032)
    __rt_lib_init_exceptions_1               0x080001ad   Thumb Code     0  libinit2.o(.ARM.Collect$$libinit$$00000030)
    __rt_lib_init_fp_1                       0x080001ad   Thumb Code     0  libinit2.o(.ARM.Collect$$libinit$$00000002)
    __rt_lib_init_fp_trap_1                  0x080001ad   Thumb Code     0  libinit2.o(.ARM.Collect$$libinit$$0000001F)
    __rt_lib_init_getenv_1                   0x080001ad   Thumb Code     0  libinit2.o(.ARM.Collect$$libinit$$00000023)
    __rt_lib_init_heap_1                     0x080001ad   Thumb Code     0  libinit2.o(.ARM.Collect$$libinit$$0000000A)
    __rt_lib_init_lc_collate_1               0x080001ad   Thumb Code     0  libinit2.o(.ARM.Collect$$libinit$$00000011)
    __rt_lib_init_lc_ctype_1                 0x080001ad   Thumb Code     0  libinit2.o(.ARM.Collect$$libinit$$00000013)
    __rt_lib_init_lc_monetary_1              0x080001ad   Thumb Code     0  libinit2.o(.ARM.Collect$$libinit$$00000015)
    __rt_lib_init_lc_numeric_1               0x080001ad   Thumb Code     0  libinit2.o(.ARM.Collect$$libinit$$00000017)
    __rt_lib_init_lc_time_1                  0x080001ad   Thumb Code     0  libinit2.o(.ARM.Collect$$libinit$$00000019)
    __rt_lib_init_preinit_1                  0x080001ad   Thumb Code     0  libinit2.o(.ARM.Collect$$libinit$$00000004)
    __rt_lib_init_rand_1                     0x080001ad   Thumb Code     0  libinit2.o(.ARM.Collect$$libinit$$0000000E)
    __rt_lib_init_return                     0x080001ad   Thumb Code     0  libinit2.o(.ARM.Collect$$libinit$$00000033)
    __rt_lib_init_signal_1                   0x080001ad   Thumb Code     0  libinit2.o(.ARM.Collect$$libinit$$0000001D)
    __rt_lib_init_stdio_1                    0x080001ad   Thumb Code     0  libinit2.o(.ARM.Collect$$libinit$$00000025)
    __rt_lib_init_user_alloc_1               0x080001ad   Thumb Code     0  libinit2.o(.ARM.Collect$$libinit$$0000000C)
    __rt_lib_shutdown                        0x080001af   Thumb Code     0  libshutdown.o(.ARM.Collect$$libshutdown$$00000000)
    __rt_lib_shutdown_cpp_1                  0x080001b1   Thumb Code     0  libshutdown2.o(.ARM.Collect$$libshutdown$$00000002)
    __rt_lib_shutdown_fp_trap_1              0x080001b1   Thumb Code     0  libshutdown2.o(.ARM.Collect$$libshutdown$$00000007)
    __rt_lib_shutdown_heap_1                 0x080001b1   Thumb Code     0  libshutdown2.o(.ARM.Collect$$libshutdown$$0000000F)
    __rt_lib_shutdown_return                 0x080001b1   Thumb Code     0  libshutdown2.o(.ARM.Collect$$libshutdown$$00000010)
    __rt_lib_shutdown_signal_1               0x080001b1   Thumb Code     0  libshutdown2.o(.ARM.Collect$$libshutdown$$0000000A)
    __rt_lib_shutdown_stdio_1                0x080001b1   Thumb Code     0  libshutdown2.o(.ARM.Collect$$libshutdown$$00000004)
    __rt_lib_shutdown_user_alloc_1           0x080001b1   Thumb Code     0  libshutdown2.o(.ARM.Collect$$libshutdown$$0000000C)
    __rt_entry                               0x080001b3   Thumb Code     0  __rtentry.o(.ARM.Collect$$rtentry$$00000000)
    __rt_entry_presh_1                       0x080001b3   Thumb Code     0  __rtentry2.o(.ARM.Collect$$rtentry$$00000002)
    __rt_entry_sh                            0x080001b3   Thumb Code     0  __rtentry4.o(.ARM.Collect$$rtentry$$00000004)
    __rt_entry_li                            0x080001b9   Thumb Code     0  __rtentry2.o(.ARM.Collect$$rtentry$$0000000A)
    __rt_entry_postsh_1                      0x080001b9   Thumb Code     0  __rtentry2.o(.ARM.Collect$$rtentry$$00000009)
    __rt_entry_main                          0x080001bd   Thumb Code     0  __rtentry2.o(.ARM.Collect$$rtentry$$0000000D)
    __rt_entry_postli_1                      0x080001bd   Thumb Code     0  __rtentry2.o(.ARM.Collect$$rtentry$$0000000C)
    __rt_exit                                0x080001c5   Thumb Code     0  rtexit.o(.ARM.Collect$$rtexit$$00000000)
    __rt_exit_ls                             0x080001c7   Thumb Code     0  rtexit2.o(.ARM.Collect$$rtexit$$00000003)
    __rt_exit_prels_1                        0x080001c7   Thumb Code     0  rtexit2.o(.ARM.Collect$$rtexit$$00000002)
    __rt_exit_exit                           0x080001cb   Thumb Code     0  rtexit2.o(.ARM.Collect$$rtexit$$00000004)
    Reset_Handler                            0x080001d1   Thumb Code     8  startup_stm32f10x_md.o(.text)
    NMI_Handler                              0x080001d9   Thumb Code     2  startup_stm32f10x_md.o(.text)
    HardFault_Handler                        0x080001db   Thumb Code     2  startup_stm32f10x_md.o(.text)
    MemManage_Handler                        0x080001dd   Thumb Code     2  startup_stm32f10x_md.o(.text)
    BusFault_Handler                         0x080001df   Thumb Code     2  startup_stm32f10x_md.o(.text)
    UsageFault_Handler                       0x080001e1   Thumb Code     2  startup_stm32f10x_md.o(.text)
    SVC_Handler                              0x080001e3   Thumb Code     2  startup_stm32f10x_md.o(.text)
    DebugMon_Handler                         0x080001e5   Thumb Code     2  startup_stm32f10x_md.o(.text)
    PendSV_Handler                           0x080001e7   Thumb Code     2  startup_stm32f10x_md.o(.text)
    ADC1_2_IRQHandler                        0x080001eb   Thumb Code     0  startup_stm32f10x_md.o(.text)
    CAN1_RX1_IRQHandler                      0x080001eb   Thumb Code     0  startup_stm32f10x_md.o(.text)
    CAN1_SCE_IRQHandler                      0x080001eb   Thumb Code     0  startup_stm32f10x_md.o(.text)
    EXTI0_IRQHandler                         0x080001eb   Thumb Code     0  startup_stm32f10x_md.o(.text)
    EXTI15_10_IRQHandler                     0x080001eb   Thumb Code     0  startup_stm32f10x_md.o(.text)
    EXTI1_IRQHandler                         0x080001eb   Thumb Code     0  startup_stm32f10x_md.o(.text)
    EXTI2_IRQHandler                         0x080001eb   Thumb Code     0  startup_stm32f10x_md.o(.text)
    EXTI3_IRQHandler                         0x080001eb   Thumb Code     0  startup_stm32f10x_md.o(.text)
    EXTI4_IRQHandler                         0x080001eb   Thumb Code     0  startup_stm32f10x_md.o(.text)
    EXTI9_5_IRQHandler                       0x080001eb   Thumb Code     0  startup_stm32f10x_md.o(.text)
    FLASH_IRQHandler                         0x080001eb   Thumb Code     0  startup_stm32f10x_md.o(.text)
    I2C1_ER_IRQHandler                       0x080001eb   Thumb Code     0  startup_stm32f10x_md.o(.text)
    I2C1_EV_IRQHandler                       0x080001eb   Thumb Code     0  startup_stm32f10x_md.o(.text)
    I2C2_ER_IRQHandler                       0x080001eb   Thumb Code     0  startup_stm32f10x_md.o(.text)
    I2C2_EV_IRQHandler                       0x080001eb   Thumb Code     0  startup_stm32f10x_md.o(.text)
    PVD_IRQHandler                           0x080001eb   Thumb Code     0  startup_stm32f10x_md.o(.text)
    RCC_IRQHandler                           0x080001eb   Thumb Code     0  startup_stm32f10x_md.o(.text)
    RTCAlarm_IRQHandler                      0x080001eb   Thumb Code     0  startup_stm32f10x_md.o(.text)
    RTC_IRQHandler                           0x080001eb   Thumb Code     0  startup_stm32f10x_md.o(.text)
    SPI1_IRQHandler                          0x080001eb   Thumb Code     0  startup_stm32f10x_md.o(.text)
    SPI2_IRQHandler                          0x080001eb   Thumb Code     0  startup_stm32f10x_md.o(.text)
    TAMPER_IRQHandler                        0x080001eb   Thumb Code     0  startup_stm32f10x_md.o(.text)
    TIM1_BRK_IRQHandler                      0x080001eb   Thumb Code     0  startup_stm32f10x_md.o(.text)
    TIM1_CC_IRQHandler                       0x080001eb   Thumb Code     0  startup_stm32f10x_md.o(.text)
    TIM1_TRG_COM_IRQHandler                  0x080001eb   Thumb Code     0  startup_stm32f10x_md.o(.text)
    TIM1_UP_IRQHandler                       0x080001eb   Thumb Code     0  startup_stm32f10x_md.o(.text)
    TIM3_IRQHandler                          0x080001eb   Thumb Code     0  startup_stm32f10x_md.o(.text)
    USART1_IRQHandler                        0x080001eb   Thumb Code     0  startup_stm32f10x_md.o(.text)
    USART3_IRQHandler                        0x080001eb   Thumb Code     0  startup_stm32f10x_md.o(.text)
    USBWakeUp_IRQHandler                     0x080001eb   Thumb Code     0  startup_stm32f10x_md.o(.text)
    USB_HP_CAN1_TX_IRQHandler                0x080001eb   Thumb Code     0  startup_stm32f10x_md.o(.text)
    USB_LP_CAN1_RX0_IRQHandler               0x080001eb   Thumb Code     0  startup_stm32f10x_md.o(.text)
    WWDG_IRQHandler                          0x080001eb   Thumb Code     0  startup_stm32f10x_md.o(.text)
    __user_initial_stackheap                 0x080001ed   Thumb Code     0  startup_stm32f10x_md.o(.text)
    __aeabi_uldivmod                         0x08000211   Thumb Code     0  lludivv7m.o(.text)
    _ll_udiv                                 0x08000211   Thumb Code   238  lludivv7m.o(.text)
    __aeabi_ldivmod                          0x080002ff   Thumb Code     0  llsdiv.o(.text)
    _ll_sdiv                                 0x080002ff   Thumb Code    72  llsdiv.o(.text)
    __2sprintf                               0x08000349   Thumb Code    34  noretval__2sprintf.o(.text)
    __printf                                 0x08000371   Thumb Code   104  __printf.o(.text)
    _printf_int_dec                          0x080003d9   Thumb Code   104  _printf_dec.o(.text)
    abs                                      0x08000451   Thumb Code     8  abs.o(.text)
    strlen                                   0x08000459   Thumb Code    62  strlen.o(.text)
    __use_two_region_memory                  0x08000497   Thumb Code     2  heapauxi.o(.text)
    __rt_heap_escrow$2region                 0x08000499   Thumb Code     2  heapauxi.o(.text)
    __rt_heap_expand$2region                 0x0800049b   Thumb Code     2  heapauxi.o(.text)
    _printf_int_common                       0x0800049d   Thumb Code   178  _printf_intcommon.o(.text)
    _printf_char_common                      0x0800055b   Thumb Code    32  _printf_char_common.o(.text)
    _sputc                                   0x08000581   Thumb Code    10  _sputc.o(.text)
    __user_setup_stackheap                   0x0800058b   Thumb Code    74  sys_stackheap_outer.o(.text)
    exit                                     0x080005d5   Thumb Code    18  exit.o(.text)
    __user_libspace                          0x080005e9   Thumb Code     8  libspace.o(.text)
    __user_perproc_libspace                  0x080005e9   Thumb Code     0  libspace.o(.text)
    __user_perthread_libspace                0x080005e9   Thumb Code     0  libspace.o(.text)
    _sys_exit                                0x080005f1   Thumb Code     8  sys_exit.o(.text)
    __I$use$semihosting                      0x080005fd   Thumb Code     0  use_no_semi.o(.text)
    __use_no_semihosting_swi                 0x080005fd   Thumb Code     2  use_no_semi.o(.text)
    __semihosting_library_function           0x080005ff   Thumb Code     0  indicate_semi.o(.text)
    CarGo                                    0x08000601   Thumb Code   206  main.o(i.CarGo)
    DMA1_Channel1_Event                      0x080006f9   Thumb Code     2  dma_stm32f10x.o(i.DMA1_Channel1_Event)
    DMA1_Channel1_IRQHandler                 0x080006fd   Thumb Code    22  dma_stm32f10x.o(i.DMA1_Channel1_IRQHandler)
    DMA1_Channel2_Event                      0x08000719   Thumb Code     2  dma_stm32f10x.o(i.DMA1_Channel2_Event)
    DMA1_Channel2_IRQHandler                 0x0800071d   Thumb Code    24  dma_stm32f10x.o(i.DMA1_Channel2_IRQHandler)
    DMA1_Channel3_Event                      0x08000739   Thumb Code     2  dma_stm32f10x.o(i.DMA1_Channel3_Event)
    DMA1_Channel3_IRQHandler                 0x0800073d   Thumb Code    24  dma_stm32f10x.o(i.DMA1_Channel3_IRQHandler)
    DMA1_Channel4_Event                      0x08000759   Thumb Code     2  dma_stm32f10x.o(i.DMA1_Channel4_Event)
    DMA1_Channel4_IRQHandler                 0x0800075d   Thumb Code    24  dma_stm32f10x.o(i.DMA1_Channel4_IRQHandler)
    DMA1_Channel5_Event                      0x08000779   Thumb Code     2  dma_stm32f10x.o(i.DMA1_Channel5_Event)
    DMA1_Channel5_IRQHandler                 0x0800077d   Thumb Code    24  dma_stm32f10x.o(i.DMA1_Channel5_IRQHandler)
    DMA1_Channel6_Event                      0x08000799   Thumb Code     2  dma_stm32f10x.o(i.DMA1_Channel6_Event)
    DMA1_Channel6_IRQHandler                 0x0800079d   Thumb Code    24  dma_stm32f10x.o(i.DMA1_Channel6_IRQHandler)
    DMA1_Channel7_Event                      0x080007b9   Thumb Code     2  dma_stm32f10x.o(i.DMA1_Channel7_Event)
    DMA1_Channel7_IRQHandler                 0x080007bd   Thumb Code    24  dma_stm32f10x.o(i.DMA1_Channel7_IRQHandler)
    ESP01_init                               0x080007d9   Thumb Code   180  main.o(i.ESP01_init)
    GPIO_Init                                0x0800089d   Thumb Code   278  stm32f10x_gpio.o(i.GPIO_Init)
    GPIO_ReadInputDataBit                    0x080009b3   Thumb Code    18  stm32f10x_gpio.o(i.GPIO_ReadInputDataBit)
    GPIO_ReadOutputDataBit                   0x080009c5   Thumb Code    18  stm32f10x_gpio.o(i.GPIO_ReadOutputDataBit)
    GPIO_ResetBits                           0x080009d7   Thumb Code     4  stm32f10x_gpio.o(i.GPIO_ResetBits)
    GPIO_SetBits                             0x080009db   Thumb Code     4  stm32f10x_gpio.o(i.GPIO_SetBits)
    GPIO_WriteBit                            0x080009df   Thumb Code    10  stm32f10x_gpio.o(i.GPIO_WriteBit)
    GPIO_init                                0x080009e9   Thumb Code    74  init.o(i.GPIO_init)
    NVIC_Init                                0x08000a39   Thumb Code   100  misc.o(i.NVIC_Init)
    RCC_APB1PeriphClockCmd                   0x08000aa9   Thumb Code    26  stm32f10x_rcc.o(i.RCC_APB1PeriphClockCmd)
    RCC_APB2PeriphClockCmd                   0x08000ac9   Thumb Code    26  stm32f10x_rcc.o(i.RCC_APB2PeriphClockCmd)
    RCC_GetClocksFreq                        0x08000ae9   Thumb Code   192  stm32f10x_rcc.o(i.RCC_GetClocksFreq)
    SPI2_init                                0x08000bbd   Thumb Code   200  init.o(i.SPI2_init)
    SPI_Cmd                                  0x08000c8d   Thumb Code    24  stm32f10x_spi.o(i.SPI_Cmd)
    SPI_Init                                 0x08000ca5   Thumb Code    60  stm32f10x_spi.o(i.SPI_Init)
    SysTick_Handler                          0x08000dc9   Thumb Code    20  main.o(i.SysTick_Handler)
    SysTick_init                             0x08000de1   Thumb Code    86  init.o(i.SysTick_init)
    SystemCoreClockUpdate                    0x08000e45   Thumb Code   142  system_stm32f10x.o(i.SystemCoreClockUpdate)
    SystemInit                               0x08000ee9   Thumb Code    78  system_stm32f10x.o(i.SystemInit)
    TIM2_IRQHandler                          0x08001061   Thumb Code    48  main.o(i.TIM2_IRQHandler)
    TIM4_IRQHandler                          0x08001095   Thumb Code    48  main.o(i.TIM4_IRQHandler)
    TIM_ClearITPendingBit                    0x080010cd   Thumb Code     6  stm32f10x_tim.o(i.TIM_ClearITPendingBit)
    TIM_Cmd                                  0x080010d3   Thumb Code    24  stm32f10x_tim.o(i.TIM_Cmd)
    TIM_GetITStatus                          0x080010eb   Thumb Code    34  stm32f10x_tim.o(i.TIM_GetITStatus)
    TIM_ITConfig                             0x0800110d   Thumb Code    18  stm32f10x_tim.o(i.TIM_ITConfig)
    TIM_OC1Init                              0x08001121   Thumb Code   132  stm32f10x_tim.o(i.TIM_OC1Init)
    TIM_OC1PreloadConfig                     0x080011b9   Thumb Code    18  stm32f10x_tim.o(i.TIM_OC1PreloadConfig)
    TIM_OC2Init                              0x080011cd   Thumb Code   154  stm32f10x_tim.o(i.TIM_OC2Init)
    TIM_OC2PreloadConfig                     0x08001271   Thumb Code    26  stm32f10x_tim.o(i.TIM_OC2PreloadConfig)
    TIM_SelectInputTrigger                   0x0800128b   Thumb Code    18  stm32f10x_tim.o(i.TIM_SelectInputTrigger)
    TIM_SetCompare1                          0x0800129d   Thumb Code     4  stm32f10x_tim.o(i.TIM_SetCompare1)
    TIM_SetCompare2                          0x080012a1   Thumb Code     4  stm32f10x_tim.o(i.TIM_SetCompare2)
    TIM_TIxExternalClockConfig               0x080012a5   Thumb Code    62  stm32f10x_tim.o(i.TIM_TIxExternalClockConfig)
    TIM_TimeBaseInit                         0x080012e5   Thumb Code   122  stm32f10x_tim.o(i.TIM_TimeBaseInit)
    USART2_IRQHandler                        0x08001389   Thumb Code    86  main.o(i.USART2_IRQHandler)
    USART2_ITinit                            0x080013f5   Thumb Code    44  init.o(i.USART2_ITinit)
    USART2_init                              0x08001425   Thumb Code   116  init.o(i.USART2_init)
    USART3_init                              0x080014a1   Thumb Code   120  init.o(i.USART3_init)
    USART_Cmd                                0x08001521   Thumb Code    24  stm32f10x_usart.o(i.USART_Cmd)
    USART_GetFlagStatus                      0x08001539   Thumb Code    26  stm32f10x_usart.o(i.USART_GetFlagStatus)
    USART_GetITStatus                        0x08001553   Thumb Code    84  stm32f10x_usart.o(i.USART_GetITStatus)
    USART_ITConfig                           0x080015a7   Thumb Code    74  stm32f10x_usart.o(i.USART_ITConfig)
    USART_Init                               0x080015f1   Thumb Code   210  stm32f10x_usart.o(i.USART_Init)
    USART_ReceiveData                        0x080016c9   Thumb Code    10  stm32f10x_usart.o(i.USART_ReceiveData)
    USART_SendData                           0x080016d3   Thumb Code     8  stm32f10x_usart.o(i.USART_SendData)
    USART_SendString                         0x080016db   Thumb Code    44  init.o(i.USART_SendString)
    Wheel_Counter_init                       0x08001709   Thumb Code   208  init.o(i.Wheel_Counter_init)
    Wheel_PWM_init                           0x080017dd   Thumb Code   292  init.o(i.Wheel_PWM_init)
    __ARM_fpclassify                         0x0800190d   Thumb Code    40  fpclassify.o(i.__ARM_fpclassify)
    __kernel_poly                            0x08001935   Thumb Code   170  poly.o(i.__kernel_poly)
    __mathlib_dbl_infnan                     0x080019df   Thumb Code     6  dunder.o(i.__mathlib_dbl_infnan)
    __mathlib_dbl_underflow                  0x080019e5   Thumb Code    10  dunder.o(i.__mathlib_dbl_underflow)
    atan                                     0x080019f5   Thumb Code   474  atan.o(i.atan)
    decode                                   0x08001c15   Thumb Code   904  main.o(i.decode)
    delay                                    0x08001fb9   Thumb Code    68  main.o(i.delay)
    isballCarScan                            0x08002005   Thumb Code   204  main.o(i.isballCarScan)
    main                                     0x080020ed   Thumb Code   560  main.o(i.main)
    motorInit                                0x08002389   Thumb Code    36  init.o(i.motorInit)
    motorOutput                              0x080023b5   Thumb Code   162  main.o(i.motorOutput)
    __aeabi_d2f                              0x08002471   Thumb Code     0  d2f.o(x$fpl$d2f)
    _d2f                                     0x08002471   Thumb Code    98  d2f.o(x$fpl$d2f)
    __aeabi_dadd                             0x080024d5   Thumb Code     0  daddsub_clz.o(x$fpl$dadd)
    _dadd                                    0x080024d5   Thumb Code   332  daddsub_clz.o(x$fpl$dadd)
    __fpl_dcheck_NaN1                        0x08002625   Thumb Code    10  dcheck1.o(x$fpl$dcheck1)
    __fpl_dcmp_Inf                           0x08002635   Thumb Code    24  dcmpi.o(x$fpl$dcmpinf)
    __aeabi_ddiv                             0x0800264d   Thumb Code     0  ddiv.o(x$fpl$ddiv)
    _ddiv                                    0x0800264d   Thumb Code   552  ddiv.o(x$fpl$ddiv)
    __aeabi_i2d                              0x080028fd   Thumb Code     0  dflt_clz.o(x$fpl$dflt)
    _dflt                                    0x080028fd   Thumb Code    46  dflt_clz.o(x$fpl$dflt)
    __aeabi_cdcmple                          0x0800292d   Thumb Code     0  dleqf.o(x$fpl$dleqf)
    _dcmple                                  0x0800292d   Thumb Code   120  dleqf.o(x$fpl$dleqf)
    __fpl_dcmple_InfNaN                      0x0800298f   Thumb Code     0  dleqf.o(x$fpl$dleqf)
    __aeabi_dmul                             0x080029a5   Thumb Code     0  dmul.o(x$fpl$dmul)
    _dmul                                    0x080029a5   Thumb Code   332  dmul.o(x$fpl$dmul)
    __fpl_dnaninf                            0x08002af9   Thumb Code   156  dnaninf.o(x$fpl$dnaninf)
    __fpl_dretinf                            0x08002b95   Thumb Code    12  dretinf.o(x$fpl$dretinf)
    __aeabi_cdrcmple                         0x08002ba1   Thumb Code     0  drleqf.o(x$fpl$drleqf)
    _drcmple                                 0x08002ba1   Thumb Code   108  drleqf.o(x$fpl$drleqf)
    __aeabi_drsub                            0x08002c0d   Thumb Code     0  daddsub_clz.o(x$fpl$drsb)
    _drsb                                    0x08002c0d   Thumb Code    22  daddsub_clz.o(x$fpl$drsb)
    __aeabi_dsub                             0x08002c25   Thumb Code     0  daddsub_clz.o(x$fpl$dsub)
    _dsub                                    0x08002c25   Thumb Code   464  daddsub_clz.o(x$fpl$dsub)
    __aeabi_f2d                              0x08002df9   Thumb Code     0  f2d.o(x$fpl$f2d)
    _f2d                                     0x08002df9   Thumb Code    86  f2d.o(x$fpl$f2d)
    __aeabi_fadd                             0x08002e51   Thumb Code     0  faddsub_clz.o(x$fpl$fadd)
    _fadd                                    0x08002e51   Thumb Code   196  faddsub_clz.o(x$fpl$fadd)
    __fpl_fcmp_Inf                           0x08002f15   Thumb Code    24  fcmpi.o(x$fpl$fcmpinf)
    __aeabi_fdiv                             0x08002f2d   Thumb Code     0  fdiv.o(x$fpl$fdiv)
    _fdiv                                    0x08002f2d   Thumb Code   384  fdiv.o(x$fpl$fdiv)
    __aeabi_cfcmpeq                          0x080030b1   Thumb Code     0  feqf.o(x$fpl$feqf)
    _fcmpeq                                  0x080030b1   Thumb Code   104  feqf.o(x$fpl$feqf)
    __aeabi_f2iz                             0x08003119   Thumb Code     0  ffix.o(x$fpl$ffix)
    _ffix                                    0x08003119   Thumb Code    54  ffix.o(x$fpl$ffix)
    __aeabi_i2f                              0x08003151   Thumb Code     0  fflt_clz.o(x$fpl$fflt)
    _fflt                                    0x08003151   Thumb Code    48  fflt_clz.o(x$fpl$fflt)
    __aeabi_ul2f                             0x08003181   Thumb Code     0  ffltll_clz.o(x$fpl$ffltll)
    _ll_uto_f                                0x08003181   Thumb Code     6  ffltll_clz.o(x$fpl$ffltll)
    __aeabi_l2f                              0x08003187   Thumb Code     0  ffltll_clz.o(x$fpl$ffltll)
    _ll_sto_f                                0x08003187   Thumb Code    90  ffltll_clz.o(x$fpl$ffltll)
    __aeabi_cfcmple                          0x080031e1   Thumb Code     0  fleqf.o(x$fpl$fleqf)
    _fcmple                                  0x080031e1   Thumb Code   104  fleqf.o(x$fpl$fleqf)
    __fpl_fcmple_InfNaN                      0x08003233   Thumb Code     0  fleqf.o(x$fpl$fleqf)
    __aeabi_fmul                             0x08003249   Thumb Code     0  fmul.o(x$fpl$fmul)
    _fmul                                    0x08003249   Thumb Code   258  fmul.o(x$fpl$fmul)
    __fpl_fnaninf                            0x0800334b   Thumb Code   140  fnaninf.o(x$fpl$fnaninf)
    __fpl_fretinf                            0x080033d7   Thumb Code    10  fretinf.o(x$fpl$fretinf)
    __aeabi_cfrcmple                         0x080033e1   Thumb Code     0  frleqf.o(x$fpl$frleqf)
    _frcmple                                 0x080033e1   Thumb Code    98  frleqf.o(x$fpl$frleqf)
    __aeabi_fsub                             0x08003445   Thumb Code     0  faddsub_clz.o(x$fpl$fsub)
    _fsub                                    0x08003445   Thumb Code   234  faddsub_clz.o(x$fpl$fsub)
    __fpl_return_NaN                         0x0800352f   Thumb Code   100  retnan.o(x$fpl$retnan)
    __ARM_scalbn                             0x08003593   Thumb Code    92  scalbn.o(x$fpl$scalbn)
    __fpl_cmpreturn                          0x080035ef   Thumb Code    48  trapv.o(x$fpl$trapveneer)
    __I$use$fp                               0x0800361e   Number         0  usenofp.o(x$fpl$usenofp)
    initESP                                  0x0800361e   Data          33  main.o(.constdata)
    AT                                       0x0800363f   Data           5  main.o(.constdata)
    Region$$Table$$Base                      0x080036e0   Number         0  anon$$obj.o(Region$$Table)
    Region$$Table$$Limit                     0x08003700   Number         0  anon$$obj.o(Region$$Table)
    decodeFlag                               0x20000000   Data           1  main.o(.data)
    Sing_Car                                 0x20000008   Data          40  main.o(.data)
    Football                                 0x20000030   Data          40  main.o(.data)
    Cenz_Car                                 0x20000058   Data          80  main.o(.data)
    receive_pointer                          0x200000a8   Data           1  main.o(.data)
    BallCarAngle                             0x200000ac   Data           4  main.o(.data)
    ESPStage                                 0x200000b0   Data           1  main.o(.data)
    L_isForward                              0x200000b1   Data           1  main.o(.data)
    R_isForward                              0x200000b2   Data           1  main.o(.data)
    current_Right_counter                    0x200000b8   Data           8  main.o(.data)
    current_Left_counter                     0x200000c0   Data           8  main.o(.data)
    right_counter_mark                       0x200000c8   Data           8  main.o(.data)
    left_counter_mark                        0x200000d0   Data           8  main.o(.data)
    Left_Counter                             0x200000d8   Data           8  main.o(.data)
    Right_Counter                            0x200000e0   Data           8  main.o(.data)
    sysTick                                  0x200000e8   Data           8  main.o(.data)
    L_Speed                                  0x200000f0   Data           4  main.o(.data)
    R_Speed                                  0x200000f4   Data           4  main.o(.data)
    LSetMark                                 0x200000f8   Data           8  main.o(.data)
    RSetMark                                 0x20000100   Data           8  main.o(.data)
    SysTickLeftCountMark                     0x20000108   Data           4  main.o(.data)
    SysTickRightCountMark                    0x2000010c   Data           4  main.o(.data)
    StateCar                                 0x20000110   Data           1  main.o(.data)
    SystemCoreClock                          0x200001a8   Data           4  system_stm32f10x.o(.data)
    AHBPrescTable                            0x200001ac   Data          16  system_stm32f10x.o(.data)
    buffer                                   0x200001bc   Data          50  main.o(.bss)
    receive                                  0x200001ee   Data          50  main.o(.bss)
    __libspace_start                         0x20000278   Data          96  libspace.o(.bss)
    __temporary_stack_top$libspace           0x200002d8   Data           0  libspace.o(.bss)



==============================================================================

Memory Map of the image

  Image Entry point : 0x080001d1

  Load Region LR_1 (Base: 0x08000000, Size: 0x000038bc, Max: 0xffffffff, ABSOLUTE, COMPRESSED[0x00003748])

    Execution Region ER_RO (Exec base: 0x08000000, Load base: 0x08000000, Size: 0x00003700, Max: 0xffffffff, ABSOLUTE)

    Exec Addr    Load Addr    Size         Type   Attr      Idx    E Section Name        Object

    0x08000000   0x08000000   0x000000ec   Data   RO         1916    RESET               startup_stm32f10x_md.o
    0x080000ec   0x080000ec   0x00000008   Code   RO         2013  * !!!main             c_w.l(__main.o)
    0x080000f4   0x080000f4   0x00000034   Code   RO         2300    !!!scatter          c_w.l(__scatter.o)
    0x08000128   0x08000128   0x0000005a   Code   RO         2298    !!dczerorl2         c_w.l(__dczerorl2.o)
    0x08000182   0x08000182   0x00000002   PAD
    0x08000184   0x08000184   0x0000001c   Code   RO         2302    !!handler_zi        c_w.l(__scatter_zi.o)
    0x080001a0   0x080001a0   0x00000000   Code   RO         2002    .ARM.Collect$$_printf_percent$$00000000  c_w.l(_printf_percent.o)
    0x080001a0   0x080001a0   0x00000006   Code   RO         2001    .ARM.Collect$$_printf_percent$$0000000A  c_w.l(_printf_u.o)
    0x080001a6   0x080001a6   0x00000004   Code   RO         2082    .ARM.Collect$$_printf_percent$$00000017  c_w.l(_printf_percent_end.o)
    0x080001aa   0x080001aa   0x00000002   Code   RO         2164    .ARM.Collect$$libinit$$00000000  c_w.l(libinit.o)
    0x080001ac   0x080001ac   0x00000000   Code   RO         2179    .ARM.Collect$$libinit$$00000002  c_w.l(libinit2.o)
    0x080001ac   0x080001ac   0x00000000   Code   RO         2181    .ARM.Collect$$libinit$$00000004  c_w.l(libinit2.o)
    0x080001ac   0x080001ac   0x00000000   Code   RO         2184    .ARM.Collect$$libinit$$0000000A  c_w.l(libinit2.o)
    0x080001ac   0x080001ac   0x00000000   Code   RO         2186    .ARM.Collect$$libinit$$0000000C  c_w.l(libinit2.o)
    0x080001ac   0x080001ac   0x00000000   Code   RO         2188    .ARM.Collect$$libinit$$0000000E  c_w.l(libinit2.o)
    0x080001ac   0x080001ac   0x00000000   Code   RO         2191    .ARM.Collect$$libinit$$00000011  c_w.l(libinit2.o)
    0x080001ac   0x080001ac   0x00000000   Code   RO         2193    .ARM.Collect$$libinit$$00000013  c_w.l(libinit2.o)
    0x080001ac   0x080001ac   0x00000000   Code   RO         2195    .ARM.Collect$$libinit$$00000015  c_w.l(libinit2.o)
    0x080001ac   0x080001ac   0x00000000   Code   RO         2197    .ARM.Collect$$libinit$$00000017  c_w.l(libinit2.o)
    0x080001ac   0x080001ac   0x00000000   Code   RO         2199    .ARM.Collect$$libinit$$00000019  c_w.l(libinit2.o)
    0x080001ac   0x080001ac   0x00000000   Code   RO         2201    .ARM.Collect$$libinit$$0000001B  c_w.l(libinit2.o)
    0x080001ac   0x080001ac   0x00000000   Code   RO         2203    .ARM.Collect$$libinit$$0000001D  c_w.l(libinit2.o)
    0x080001ac   0x080001ac   0x00000000   Code   RO         2205    .ARM.Collect$$libinit$$0000001F  c_w.l(libinit2.o)
    0x080001ac   0x080001ac   0x00000000   Code   RO         2207    .ARM.Collect$$libinit$$00000021  c_w.l(libinit2.o)
    0x080001ac   0x080001ac   0x00000000   Code   RO         2209    .ARM.Collect$$libinit$$00000023  c_w.l(libinit2.o)
    0x080001ac   0x080001ac   0x00000000   Code   RO         2211    .ARM.Collect$$libinit$$00000025  c_w.l(libinit2.o)
    0x080001ac   0x080001ac   0x00000000   Code   RO         2215    .ARM.Collect$$libinit$$0000002C  c_w.l(libinit2.o)
    0x080001ac   0x080001ac   0x00000000   Code   RO         2217    .ARM.Collect$$libinit$$0000002E  c_w.l(libinit2.o)
    0x080001ac   0x080001ac   0x00000000   Code   RO         2219    .ARM.Collect$$libinit$$00000030  c_w.l(libinit2.o)
    0x080001ac   0x080001ac   0x00000000   Code   RO         2221    .ARM.Collect$$libinit$$00000032  c_w.l(libinit2.o)
    0x080001ac   0x080001ac   0x00000002   Code   RO         2222    .ARM.Collect$$libinit$$00000033  c_w.l(libinit2.o)
    0x080001ae   0x080001ae   0x00000002   Code   RO         2255    .ARM.Collect$$libshutdown$$00000000  c_w.l(libshutdown.o)
    0x080001b0   0x080001b0   0x00000000   Code   RO         2281    .ARM.Collect$$libshutdown$$00000002  c_w.l(libshutdown2.o)
    0x080001b0   0x080001b0   0x00000000   Code   RO         2283    .ARM.Collect$$libshutdown$$00000004  c_w.l(libshutdown2.o)
    0x080001b0   0x080001b0   0x00000000   Code   RO         2286    .ARM.Collect$$libshutdown$$00000007  c_w.l(libshutdown2.o)
    0x080001b0   0x080001b0   0x00000000   Code   RO         2289    .ARM.Collect$$libshutdown$$0000000A  c_w.l(libshutdown2.o)
    0x080001b0   0x080001b0   0x00000000   Code   RO         2291    .ARM.Collect$$libshutdown$$0000000C  c_w.l(libshutdown2.o)
    0x080001b0   0x080001b0   0x00000000   Code   RO         2294    .ARM.Collect$$libshutdown$$0000000F  c_w.l(libshutdown2.o)
    0x080001b0   0x080001b0   0x00000002   Code   RO         2295    .ARM.Collect$$libshutdown$$00000010  c_w.l(libshutdown2.o)
    0x080001b2   0x080001b2   0x00000000   Code   RO         2071    .ARM.Collect$$rtentry$$00000000  c_w.l(__rtentry.o)
    0x080001b2   0x080001b2   0x00000000   Code   RO         2131    .ARM.Collect$$rtentry$$00000002  c_w.l(__rtentry2.o)
    0x080001b2   0x080001b2   0x00000006   Code   RO         2143    .ARM.Collect$$rtentry$$00000004  c_w.l(__rtentry4.o)
    0x080001b8   0x080001b8   0x00000000   Code   RO         2133    .ARM.Collect$$rtentry$$00000009  c_w.l(__rtentry2.o)
    0x080001b8   0x080001b8   0x00000004   Code   RO         2134    .ARM.Collect$$rtentry$$0000000A  c_w.l(__rtentry2.o)
    0x080001bc   0x080001bc   0x00000000   Code   RO         2136    .ARM.Collect$$rtentry$$0000000C  c_w.l(__rtentry2.o)
    0x080001bc   0x080001bc   0x00000008   Code   RO         2137    .ARM.Collect$$rtentry$$0000000D  c_w.l(__rtentry2.o)
    0x080001c4   0x080001c4   0x00000002   Code   RO         2170    .ARM.Collect$$rtexit$$00000000  c_w.l(rtexit.o)
    0x080001c6   0x080001c6   0x00000000   Code   RO         2228    .ARM.Collect$$rtexit$$00000002  c_w.l(rtexit2.o)
    0x080001c6   0x080001c6   0x00000004   Code   RO         2229    .ARM.Collect$$rtexit$$00000003  c_w.l(rtexit2.o)
    0x080001ca   0x080001ca   0x00000006   Code   RO         2230    .ARM.Collect$$rtexit$$00000004  c_w.l(rtexit2.o)
    0x080001d0   0x080001d0   0x00000040   Code   RO         1917  * .text               startup_stm32f10x_md.o
    0x08000210   0x08000210   0x000000ee   Code   RO         1969    .text               c_w.l(lludivv7m.o)
    0x080002fe   0x080002fe   0x00000048   Code   RO         1971    .text               c_w.l(llsdiv.o)
    0x08000346   0x08000346   0x00000002   PAD
    0x08000348   0x08000348   0x00000028   Code   RO         1975    .text               c_w.l(noretval__2sprintf.o)
    0x08000370   0x08000370   0x00000068   Code   RO         1977    .text               c_w.l(__printf.o)
    0x080003d8   0x080003d8   0x00000078   Code   RO         1979    .text               c_w.l(_printf_dec.o)
    0x08000450   0x08000450   0x00000008   Code   RO         2003    .text               c_w.l(abs.o)
    0x08000458   0x08000458   0x0000003e   Code   RO         2007    .text               c_w.l(strlen.o)
    0x08000496   0x08000496   0x00000006   Code   RO         2011    .text               c_w.l(heapauxi.o)
    0x0800049c   0x0800049c   0x000000b2   Code   RO         2076    .text               c_w.l(_printf_intcommon.o)
    0x0800054e   0x0800054e   0x00000002   PAD
    0x08000550   0x08000550   0x00000030   Code   RO         2078    .text               c_w.l(_printf_char_common.o)
    0x08000580   0x08000580   0x0000000a   Code   RO         2080    .text               c_w.l(_sputc.o)
    0x0800058a   0x0800058a   0x0000004a   Code   RO         2151    .text               c_w.l(sys_stackheap_outer.o)
    0x080005d4   0x080005d4   0x00000012   Code   RO         2153    .text               c_w.l(exit.o)
    0x080005e6   0x080005e6   0x00000002   PAD
    0x080005e8   0x080005e8   0x00000008   Code   RO         2167    .text               c_w.l(libspace.o)
    0x080005f0   0x080005f0   0x0000000c   Code   RO         2225    .text               c_w.l(sys_exit.o)
    0x080005fc   0x080005fc   0x00000002   Code   RO         2244    .text               c_w.l(use_no_semi.o)
    0x080005fe   0x080005fe   0x00000000   Code   RO         2246    .text               c_w.l(indicate_semi.o)
    0x080005fe   0x080005fe   0x00000002   PAD
    0x08000600   0x08000600   0x000000f8   Code   RO            4    i.CarGo             main.o
    0x080006f8   0x080006f8   0x00000002   Code   RO         1728    i.DMA1_Channel1_Event  dma_stm32f10x.o
    0x080006fa   0x080006fa   0x00000002   PAD
    0x080006fc   0x080006fc   0x0000001c   Code   RO         1729    i.DMA1_Channel1_IRQHandler  dma_stm32f10x.o
    0x08000718   0x08000718   0x00000002   Code   RO         1730    i.DMA1_Channel2_Event  dma_stm32f10x.o
    0x0800071a   0x0800071a   0x00000002   PAD
    0x0800071c   0x0800071c   0x0000001c   Code   RO         1731    i.DMA1_Channel2_IRQHandler  dma_stm32f10x.o
    0x08000738   0x08000738   0x00000002   Code   RO         1732    i.DMA1_Channel3_Event  dma_stm32f10x.o
    0x0800073a   0x0800073a   0x00000002   PAD
    0x0800073c   0x0800073c   0x0000001c   Code   RO         1733    i.DMA1_Channel3_IRQHandler  dma_stm32f10x.o
    0x08000758   0x08000758   0x00000002   Code   RO         1734    i.DMA1_Channel4_Event  dma_stm32f10x.o
    0x0800075a   0x0800075a   0x00000002   PAD
    0x0800075c   0x0800075c   0x0000001c   Code   RO         1735    i.DMA1_Channel4_IRQHandler  dma_stm32f10x.o
    0x08000778   0x08000778   0x00000002   Code   RO         1736    i.DMA1_Channel5_Event  dma_stm32f10x.o
    0x0800077a   0x0800077a   0x00000002   PAD
    0x0800077c   0x0800077c   0x0000001c   Code   RO         1737    i.DMA1_Channel5_IRQHandler  dma_stm32f10x.o
    0x08000798   0x08000798   0x00000002   Code   RO         1738    i.DMA1_Channel6_Event  dma_stm32f10x.o
    0x0800079a   0x0800079a   0x00000002   PAD
    0x0800079c   0x0800079c   0x0000001c   Code   RO         1739    i.DMA1_Channel6_IRQHandler  dma_stm32f10x.o
    0x080007b8   0x080007b8   0x00000002   Code   RO         1740    i.DMA1_Channel7_Event  dma_stm32f10x.o
    0x080007ba   0x080007ba   0x00000002   PAD
    0x080007bc   0x080007bc   0x0000001c   Code   RO         1741    i.DMA1_Channel7_IRQHandler  dma_stm32f10x.o
    0x080007d8   0x080007d8   0x000000c4   Code   RO            7    i.ESP01_init        main.o
    0x0800089c   0x0800089c   0x00000116   Code   RO          488    i.GPIO_Init         stm32f10x_gpio.o
    0x080009b2   0x080009b2   0x00000012   Code   RO          492    i.GPIO_ReadInputDataBit  stm32f10x_gpio.o
    0x080009c4   0x080009c4   0x00000012   Code   RO          494    i.GPIO_ReadOutputDataBit  stm32f10x_gpio.o
    0x080009d6   0x080009d6   0x00000004   Code   RO          495    i.GPIO_ResetBits    stm32f10x_gpio.o
    0x080009da   0x080009da   0x00000004   Code   RO          496    i.GPIO_SetBits      stm32f10x_gpio.o
    0x080009de   0x080009de   0x0000000a   Code   RO          499    i.GPIO_WriteBit     stm32f10x_gpio.o
    0x080009e8   0x080009e8   0x00000050   Code   RO          193    i.GPIO_init         init.o
    0x08000a38   0x08000a38   0x00000070   Code   RO          284    i.NVIC_Init         misc.o
    0x08000aa8   0x08000aa8   0x00000020   Code   RO          610    i.RCC_APB1PeriphClockCmd  stm32f10x_rcc.o
    0x08000ac8   0x08000ac8   0x00000020   Code   RO          612    i.RCC_APB2PeriphClockCmd  stm32f10x_rcc.o
    0x08000ae8   0x08000ae8   0x000000d4   Code   RO          620    i.RCC_GetClocksFreq  stm32f10x_rcc.o
    0x08000bbc   0x08000bbc   0x000000d0   Code   RO          194    i.SPI2_init         init.o
    0x08000c8c   0x08000c8c   0x00000018   Code   RO          825    i.SPI_Cmd           stm32f10x_spi.o
    0x08000ca4   0x08000ca4   0x0000003c   Code   RO          838    i.SPI_Init          stm32f10x_spi.o
    0x08000ce0   0x08000ce0   0x00000008   Code   RO         1924    i.SetSysClock       system_stm32f10x.o
    0x08000ce8   0x08000ce8   0x000000e0   Code   RO         1925    i.SetSysClockTo72   system_stm32f10x.o
    0x08000dc8   0x08000dc8   0x00000018   Code   RO            8    i.SysTick_Handler   main.o
    0x08000de0   0x08000de0   0x00000064   Code   RO          195    i.SysTick_init      init.o
    0x08000e44   0x08000e44   0x000000a4   Code   RO         1926    i.SystemCoreClockUpdate  system_stm32f10x.o
    0x08000ee8   0x08000ee8   0x00000060   Code   RO         1927    i.SystemInit        system_stm32f10x.o
    0x08000f48   0x08000f48   0x00000080   Code   RO          976    i.TI1_Config        stm32f10x_tim.o
    0x08000fc8   0x08000fc8   0x00000098   Code   RO          977    i.TI2_Config        stm32f10x_tim.o
    0x08001060   0x08001060   0x00000034   Code   RO            9    i.TIM2_IRQHandler   main.o
    0x08001094   0x08001094   0x00000038   Code   RO           10    i.TIM4_IRQHandler   main.o
    0x080010cc   0x080010cc   0x00000006   Code   RO          987    i.TIM_ClearITPendingBit  stm32f10x_tim.o
    0x080010d2   0x080010d2   0x00000018   Code   RO          992    i.TIM_Cmd           stm32f10x_tim.o
    0x080010ea   0x080010ea   0x00000022   Code   RO         1013    i.TIM_GetITStatus   stm32f10x_tim.o
    0x0800110c   0x0800110c   0x00000012   Code   RO         1017    i.TIM_ITConfig      stm32f10x_tim.o
    0x0800111e   0x0800111e   0x00000002   PAD
    0x08001120   0x08001120   0x00000098   Code   RO         1021    i.TIM_OC1Init       stm32f10x_tim.o
    0x080011b8   0x080011b8   0x00000012   Code   RO         1024    i.TIM_OC1PreloadConfig  stm32f10x_tim.o
    0x080011ca   0x080011ca   0x00000002   PAD
    0x080011cc   0x080011cc   0x000000a4   Code   RO         1026    i.TIM_OC2Init       stm32f10x_tim.o
    0x08001270   0x08001270   0x0000001a   Code   RO         1029    i.TIM_OC2PreloadConfig  stm32f10x_tim.o
    0x0800128a   0x0800128a   0x00000012   Code   RO         1045    i.TIM_SelectInputTrigger  stm32f10x_tim.o
    0x0800129c   0x0800129c   0x00000004   Code   RO         1053    i.TIM_SetCompare1   stm32f10x_tim.o
    0x080012a0   0x080012a0   0x00000004   Code   RO         1054    i.TIM_SetCompare2   stm32f10x_tim.o
    0x080012a4   0x080012a4   0x0000003e   Code   RO         1062    i.TIM_TIxExternalClockConfig  stm32f10x_tim.o
    0x080012e2   0x080012e2   0x00000002   PAD
    0x080012e4   0x080012e4   0x000000a4   Code   RO         1063    i.TIM_TimeBaseInit  stm32f10x_tim.o
    0x08001388   0x08001388   0x0000006c   Code   RO           11    i.USART2_IRQHandler  main.o
    0x080013f4   0x080013f4   0x00000030   Code   RO          196    i.USART2_ITinit     init.o
    0x08001424   0x08001424   0x0000007c   Code   RO          197    i.USART2_init       init.o
    0x080014a0   0x080014a0   0x00000080   Code   RO          198    i.USART3_init       init.o
    0x08001520   0x08001520   0x00000018   Code   RO         1540    i.USART_Cmd         stm32f10x_usart.o
    0x08001538   0x08001538   0x0000001a   Code   RO         1543    i.USART_GetFlagStatus  stm32f10x_usart.o
    0x08001552   0x08001552   0x00000054   Code   RO         1544    i.USART_GetITStatus  stm32f10x_usart.o
    0x080015a6   0x080015a6   0x0000004a   Code   RO         1546    i.USART_ITConfig    stm32f10x_usart.o
    0x080015f0   0x080015f0   0x000000d8   Code   RO         1547    i.USART_Init        stm32f10x_usart.o
    0x080016c8   0x080016c8   0x0000000a   Code   RO         1554    i.USART_ReceiveData  stm32f10x_usart.o
    0x080016d2   0x080016d2   0x00000008   Code   RO         1557    i.USART_SendData    stm32f10x_usart.o
    0x080016da   0x080016da   0x0000002c   Code   RO          200    i.USART_SendString  init.o
    0x08001706   0x08001706   0x00000002   PAD
    0x08001708   0x08001708   0x000000d4   Code   RO          201    i.Wheel_Counter_init  init.o
    0x080017dc   0x080017dc   0x00000130   Code   RO          202    i.Wheel_PWM_init    init.o
    0x0800190c   0x0800190c   0x00000028   Code   RO         2126    i.__ARM_fpclassify  m_ws.l(fpclassify.o)
    0x08001934   0x08001934   0x000000aa   Code   RO         2128    i.__kernel_poly     m_ws.l(poly.o)
    0x080019de   0x080019de   0x00000006   Code   RO         2113    i.__mathlib_dbl_infnan  m_ws.l(dunder.o)
    0x080019e4   0x080019e4   0x00000010   Code   RO         2118    i.__mathlib_dbl_underflow  m_ws.l(dunder.o)
    0x080019f4   0x080019f4   0x00000220   Code   RO         2062    i.atan              m_ws.l(atan.o)
    0x08001c14   0x08001c14   0x000003a4   Code   RO           13    i.decode            main.o
    0x08001fb8   0x08001fb8   0x0000004c   Code   RO           14    i.delay             main.o
    0x08002004   0x08002004   0x000000e8   Code   RO           15    i.isballCarScan     main.o
    0x080020ec   0x080020ec   0x0000029c   Code   RO           16    i.main              main.o
    0x08002388   0x08002388   0x0000002c   Code   RO          203    i.motorInit         init.o
    0x080023b4   0x080023b4   0x000000bc   Code   RO           17    i.motorOutput       main.o
    0x08002470   0x08002470   0x00000062   Code   RO         2015    x$fpl$d2f           fz_ws.l(d2f.o)
    0x080024d2   0x080024d2   0x00000002   PAD
    0x080024d4   0x080024d4   0x00000150   Code   RO         2083    x$fpl$dadd          fz_ws.l(daddsub_clz.o)
    0x08002624   0x08002624   0x00000010   Code   RO         2149    x$fpl$dcheck1       fz_ws.l(dcheck1.o)
    0x08002634   0x08002634   0x00000018   Code   RO         2089    x$fpl$dcmpinf       fz_ws.l(dcmpi.o)
    0x0800264c   0x0800264c   0x000002b0   Code   RO         2092    x$fpl$ddiv          fz_ws.l(ddiv.o)
    0x080028fc   0x080028fc   0x0000002e   Code   RO         2018    x$fpl$dflt          fz_ws.l(dflt_clz.o)
    0x0800292a   0x0800292a   0x00000002   PAD
    0x0800292c   0x0800292c   0x00000078   Code   RO         2023    x$fpl$dleqf         fz_ws.l(dleqf.o)
    0x080029a4   0x080029a4   0x00000154   Code   RO         2095    x$fpl$dmul          fz_ws.l(dmul.o)
    0x08002af8   0x08002af8   0x0000009c   Code   RO         2097    x$fpl$dnaninf       fz_ws.l(dnaninf.o)
    0x08002b94   0x08002b94   0x0000000c   Code   RO         2099    x$fpl$dretinf       fz_ws.l(dretinf.o)
    0x08002ba0   0x08002ba0   0x0000006c   Code   RO         2025    x$fpl$drleqf        fz_ws.l(drleqf.o)
    0x08002c0c   0x08002c0c   0x00000016   Code   RO         2084    x$fpl$drsb          fz_ws.l(daddsub_clz.o)
    0x08002c22   0x08002c22   0x00000002   PAD
    0x08002c24   0x08002c24   0x000001d4   Code   RO         2085    x$fpl$dsub          fz_ws.l(daddsub_clz.o)
    0x08002df8   0x08002df8   0x00000056   Code   RO         2027    x$fpl$f2d           fz_ws.l(f2d.o)
    0x08002e4e   0x08002e4e   0x00000002   PAD
    0x08002e50   0x08002e50   0x000000c4   Code   RO         2029    x$fpl$fadd          fz_ws.l(faddsub_clz.o)
    0x08002f14   0x08002f14   0x00000018   Code   RO         2101    x$fpl$fcmpinf       fz_ws.l(fcmpi.o)
    0x08002f2c   0x08002f2c   0x00000184   Code   RO         2036    x$fpl$fdiv          fz_ws.l(fdiv.o)
    0x080030b0   0x080030b0   0x00000068   Code   RO         2039    x$fpl$feqf          fz_ws.l(feqf.o)
    0x08003118   0x08003118   0x00000036   Code   RO         2041    x$fpl$ffix          fz_ws.l(ffix.o)
    0x0800314e   0x0800314e   0x00000002   PAD
    0x08003150   0x08003150   0x00000030   Code   RO         2050    x$fpl$fflt          fz_ws.l(fflt_clz.o)
    0x08003180   0x08003180   0x00000060   Code   RO         2055    x$fpl$ffltll        fz_ws.l(ffltll_clz.o)
    0x080031e0   0x080031e0   0x00000068   Code   RO         2103    x$fpl$fleqf         fz_ws.l(fleqf.o)
    0x08003248   0x08003248   0x00000102   Code   RO         2057    x$fpl$fmul          fz_ws.l(fmul.o)
    0x0800334a   0x0800334a   0x0000008c   Code   RO         2105    x$fpl$fnaninf       fz_ws.l(fnaninf.o)
    0x080033d6   0x080033d6   0x0000000a   Code   RO         2107    x$fpl$fretinf       fz_ws.l(fretinf.o)
    0x080033e0   0x080033e0   0x00000062   Code   RO         2059    x$fpl$frleqf        fz_ws.l(frleqf.o)
    0x08003442   0x08003442   0x00000002   PAD
    0x08003444   0x08003444   0x000000ea   Code   RO         2031    x$fpl$fsub          fz_ws.l(faddsub_clz.o)
    0x0800352e   0x0800352e   0x00000064   Code   RO         2165    x$fpl$retnan        fz_ws.l(retnan.o)
    0x08003592   0x08003592   0x0000005c   Code   RO         2109    x$fpl$scalbn        fz_ws.l(scalbn.o)
    0x080035ee   0x080035ee   0x00000030   Code   RO         2223    x$fpl$trapveneer    fz_ws.l(trapv.o)
    0x0800361e   0x0800361e   0x00000000   Code   RO         2111    x$fpl$usenofp       fz_ws.l(usenofp.o)
    0x0800361e   0x0800361e   0x00000026   Data   RO           20    .constdata          main.o
    0x08003644   0x08003644   0x00000004   PAD
    0x08003648   0x08003648   0x00000098   Data   RO         2063    .constdata          m_ws.l(atan.o)
    0x080036e0   0x080036e0   0x00000020   Data   RO         2296    Region$$Table       anon$$obj.o


    Execution Region ER_RW (Exec base: 0x20000000, Load base: 0x08003700, Size: 0x000001bc, Max: 0xffffffff, ABSOLUTE, COMPRESSED[0x00000048])

    Exec Addr    Load Addr    Size         Type   Attr      Idx    E Section Name        Object

    0x20000000   COMPRESSED   0x00000194   Data   RW           21    .data               main.o
    0x20000194   COMPRESSED   0x00000014   Data   RW          640    .data               stm32f10x_rcc.o
    0x200001a8   COMPRESSED   0x00000014   Data   RW         1928    .data               system_stm32f10x.o


    Execution Region ER_ZI (Exec base: 0x200001bc, Load base: 0x08003748, Size: 0x0000071c, Max: 0xffffffff, ABSOLUTE)

    Exec Addr    Load Addr    Size         Type   Attr      Idx    E Section Name        Object

    0x200001bc        -       0x000000bc   Zero   RW           19    .bss                main.o
    0x20000278        -       0x00000060   Zero   RW         2168    .bss                c_w.l(libspace.o)
    0x200002d8        -       0x00000200   Zero   RW         1915    HEAP                startup_stm32f10x_md.o
    0x200004d8        -       0x00000400   Zero   RW         1914    STACK               startup_stm32f10x_md.o


==============================================================================

Image component sizes


      Code (inc. data)   RO Data    RW Data    ZI Data      Debug   Object Name

       210         30          0          0          0       7259   dma_stm32f10x.o
      1292         72          0          0          0      30819   init.o
      2780        300         38        404        188     270856   main.o
       112         12          0          0          0       1140   misc.o
        64         26        236          0       1536        796   startup_stm32f10x_md.o
       332          0          0          0          0       5145   stm32f10x_gpio.o
       276         32          0         20          0       4606   stm32f10x_rcc.o
        84          0          0          0          0       2285   stm32f10x_spi.o
       974        114          0          0          0      10746   stm32f10x_tim.o
       442          6          0          0          0       6489   stm32f10x_usart.o
       492         50          0         20          0       2773   system_stm32f10x.o

    ----------------------------------------------------------------------
      7080        642        310        444       1724     342914   Object Totals
         0          0         32          0          0          0   (incl. Generated)
        22          0          4          0          0          0   (incl. Padding)

    ----------------------------------------------------------------------

      Code (inc. data)   RO Data    RW Data    ZI Data      Debug   Library Member Name

        90          0          0          0          0          0   __dczerorl2.o
         8          0          0          0          0         68   __main.o
       104          0          0          0          0         84   __printf.o
         0          0          0          0          0          0   __rtentry.o
        12          0          0          0          0          0   __rtentry2.o
         6          0          0          0          0          0   __rtentry4.o
        52          8          0          0          0          0   __scatter.o
        28          0          0          0          0          0   __scatter_zi.o
        48          6          0          0          0         96   _printf_char_common.o
       120         16          0          0          0         92   _printf_dec.o
       178          0          0          0          0         88   _printf_intcommon.o
         0          0          0          0          0          0   _printf_percent.o
         4          0          0          0          0          0   _printf_percent_end.o
         6          0          0          0          0          0   _printf_u.o
        10          0          0          0          0         68   _sputc.o
         8          0          0          0          0         68   abs.o
        18          0          0          0          0         80   exit.o
         6          0          0          0          0        152   heapauxi.o
         0          0          0          0          0          0   indicate_semi.o
         2          0          0          0          0          0   libinit.o
         2          0          0          0          0          0   libinit2.o
         2          0          0          0          0          0   libshutdown.o
         2          0          0          0          0          0   libshutdown2.o
         8          4          0          0         96         68   libspace.o
        72          0          0          0          0         76   llsdiv.o
       238          0          0          0          0        100   lludivv7m.o
        40          6          0          0          0         84   noretval__2sprintf.o
         2          0          0          0          0          0   rtexit.o
        10          0          0          0          0          0   rtexit2.o
        62          0          0          0          0         76   strlen.o
        12          4          0          0          0         68   sys_exit.o
        74          0          0          0          0         80   sys_stackheap_outer.o
         2          0          0          0          0         68   use_no_semi.o
        98          4          0          0          0         92   d2f.o
       826         16          0          0          0        348   daddsub_clz.o
        16          4          0          0          0         68   dcheck1.o
        24          0          0          0          0         68   dcmpi.o
       688        140          0          0          0        208   ddiv.o
        46          0          0          0          0         68   dflt_clz.o
       120          4          0          0          0         92   dleqf.o
       340         12          0          0          0        104   dmul.o
       156          4          0          0          0         92   dnaninf.o
        12          0          0          0          0         68   dretinf.o
       108          0          0          0          0         80   drleqf.o
        86          4          0          0          0         84   f2d.o
       430          8          0          0          0        168   faddsub_clz.o
        24          0          0          0          0         68   fcmpi.o
       388         76          0          0          0         96   fdiv.o
       104          4          0          0          0         84   feqf.o
        54          4          0          0          0         84   ffix.o
        48          0          0          0          0         68   fflt_clz.o
        96          0          0          0          0         84   ffltll_clz.o
       104          4          0          0          0         84   fleqf.o
       258          4          0          0          0         84   fmul.o
       140          4          0          0          0         84   fnaninf.o
        10          0          0          0          0         68   fretinf.o
        98          0          0          0          0         68   frleqf.o
       100          0          0          0          0         68   retnan.o
        92          0          0          0          0         68   scalbn.o
        48          0          0          0          0         68   trapv.o
         0          0          0          0          0          0   usenofp.o
       544         70        152          0          0        124   atan.o
        22          6          0          0          0        136   dunder.o
        40          0          0          0          0         68   fpclassify.o
       170          0          0          0          0         96   poly.o

    ----------------------------------------------------------------------
      6538        412        152          0         96       4456   Library Totals
        22          0          0          0          0          0   (incl. Padding)

    ----------------------------------------------------------------------

      Code (inc. data)   RO Data    RW Data    ZI Data      Debug   Library Name

      1226         44          0          0         96       1416   c_w.l
      4514        292          0          0          0       2616   fz_ws.l
       776         76        152          0          0        424   m_ws.l

    ----------------------------------------------------------------------
      6538        412        152          0         96       4456   Library Totals

    ----------------------------------------------------------------------

==============================================================================


      Code (inc. data)   RO Data    RW Data    ZI Data      Debug   

     13618       1054        462        444       1820     341230   Grand Totals
     13618       1054        462         72       1820     341230   ELF Image Totals (compressed)
     13618       1054        462         72          0          0   ROM Totals

==============================================================================

    Total RO  Size (Code + RO Data)                14080 (  13.75kB)
    Total RW  Size (RW Data + ZI Data)              2264 (   2.21kB)
    Total ROM Size (Code + RO Data + RW Data)      14152 (  13.82kB)

==============================================================================

